{"level":"error","message":"Missing required environment variable: DB_HOST","timestamp":"2025-09-24T10:35:15.270Z"}
{"level":"error","message":"Missing required environment variable: DB_USER","timestamp":"2025-09-24T10:35:15.274Z"}
{"level":"error","message":"Missing required environment variable: DB_PASSWORD","timestamp":"2025-09-24T10:35:15.275Z"}
{"level":"error","message":"Missing required environment variable: DB_NAME","timestamp":"2025-09-24T10:35:15.276Z"}
{"level":"info","message":"Server running on port 5000","timestamp":"2025-09-24T10:35:15.328Z"}
{"level":"info","message":"Environment: development","timestamp":"2025-09-24T10:35:15.329Z"}
{"level":"info","message":"Allowed origins: https://splitta1.vercel.app, http://localhost:3000, https://splitta1.vercel.app/, http://localhost:3000/","timestamp":"2025-09-24T10:35:15.330Z"}
{"code":"PROTOCOL_CONNECTION_LOST","fatal":true,"level":"error","message":"Error initializing database: Connection lost: The server closed the connection.","stack":"Error: Connection lost: The server closed the connection.\n    at Socket.<anonymous> (C:\\Users\\manee\\OneDrive\\Desktop\\rx\\backend\\node_modules\\mysql2\\lib\\base\\connection.js:113:31)\n    at Socket.emit (node:events:514:28)\n    at TCP.<anonymous> (node:net:337:12)","timestamp":"2025-09-24T10:35:16.830Z"}
{"level":"info","message":"Server running on port 5000","timestamp":"2025-09-24T10:37:51.168Z"}
{"level":"info","message":"Environment: development","timestamp":"2025-09-24T10:37:51.175Z"}
{"level":"info","message":"Allowed origins: https://splitta1.vercel.app, http://localhost:3000, https://splitta1.vercel.app/, http://localhost:3000/","timestamp":"2025-09-24T10:37:51.175Z"}
{"code":"PROTOCOL_CONNECTION_LOST","fatal":true,"level":"error","message":"Error initializing database: Connection lost: The server closed the connection.","stack":"Error: Connection lost: The server closed the connection.\n    at Socket.<anonymous> (C:\\Users\\manee\\OneDrive\\Desktop\\rx\\backend\\node_modules\\mysql2\\lib\\base\\connection.js:113:31)\n    at Socket.emit (node:events:514:28)\n    at TCP.<anonymous> (node:net:337:12)","timestamp":"2025-09-24T10:37:52.858Z"}
{"level":"info","message":"Server running on port 13283","timestamp":"2025-12-19T04:46:33.597Z"}
{"level":"info","message":"Environment: development","timestamp":"2025-12-19T04:46:33.601Z"}
{"level":"info","message":"Allowed origins: https://splitta1.vercel.app, http://localhost:3000, https://splitta1.vercel.app/, http://localhost:3000/","timestamp":"2025-12-19T04:46:33.602Z"}
{"level":"info","message":"MySQL connection established","timestamp":"2025-12-19T04:46:34.583Z"}
{"level":"info","message":"Database tables initialized successfully","timestamp":"2025-12-19T04:46:35.626Z"}
{"level":"info","message":"Received SIGINT. Starting graceful shutdown...","timestamp":"2025-12-19T04:53:42.250Z"}
{"level":"info","message":"Server running on port 13283","timestamp":"2025-12-19T04:53:48.987Z"}
{"level":"info","message":"Environment: development","timestamp":"2025-12-19T04:53:48.992Z"}
{"level":"info","message":"Allowed origins: https://splitta1.vercel.app, http://localhost:3000, https://splitta1.vercel.app/, http://localhost:3000/","timestamp":"2025-12-19T04:53:48.992Z"}
{"level":"info","message":"MySQL connection established","timestamp":"2025-12-19T04:53:49.954Z"}
{"level":"info","message":"Database connection successful","timestamp":"2025-12-19T04:53:49.955Z"}
{"level":"info","message":"Database tables initialized successfully","timestamp":"2025-12-19T04:53:50.864Z"}
{"level":"info","message":"Received SIGINT. Starting graceful shutdown...","timestamp":"2025-12-19T04:58:27.214Z"}
{"level":"info","message":"Server running on port 13283","timestamp":"2025-12-19T04:58:32.366Z"}
{"level":"info","message":"Environment: development","timestamp":"2025-12-19T04:58:32.368Z"}
{"level":"info","message":"Allowed origins: https://splitta1.vercel.app, http://localhost:3000, https://splitta1.vercel.app/, http://localhost:3000/","timestamp":"2025-12-19T04:58:32.369Z"}
{"level":"info","message":"MySQL connection established","timestamp":"2025-12-19T04:58:34.035Z"}
{"level":"info","message":"Database tables initialized successfully","timestamp":"2025-12-19T04:58:35.014Z"}
{"level":"info","message":"Received SIGINT. Starting graceful shutdown...","timestamp":"2025-12-19T04:58:41.934Z"}
{"level":"info","message":"Server running on port 13283","timestamp":"2025-12-19T04:59:30.321Z"}
{"level":"info","message":"Environment: development","timestamp":"2025-12-19T04:59:30.324Z"}
{"level":"info","message":"Allowed origins: https://splitta1.vercel.app, http://localhost:3000, https://splitta1.vercel.app/, http://localhost:3000/","timestamp":"2025-12-19T04:59:30.325Z"}
{"level":"info","message":"MySQL connection established","timestamp":"2025-12-19T04:59:31.250Z"}
{"level":"info","message":"Database connection successful","timestamp":"2025-12-19T04:59:31.251Z"}
{"level":"info","message":"Database tables initialized successfully","timestamp":"2025-12-19T04:59:32.338Z"}
{"level":"info","message":"Received SIGINT. Starting graceful shutdown...","timestamp":"2025-12-19T05:09:42.453Z"}
{"level":"info","message":"Server running on port 13283","timestamp":"2025-12-19T05:23:09.113Z"}
{"level":"info","message":"API Base URL: http://localhost:13283/api","timestamp":"2025-12-19T05:23:09.117Z"}
{"code":"PROTOCOL_CONNECTION_LOST","fatal":true,"level":"error","message":"Database connection failed: Connection lost: The server closed the connection.","stack":"Error: Connection lost: The server closed the connection.\n    at Socket.<anonymous> (C:\\Users\\manee\\OneDrive\\Desktop\\rx\\backend\\node_modules\\mysql2\\lib\\base\\connection.js:113:31)\n    at Socket.emit (node:events:514:28)\n    at TCP.<anonymous> (node:net:337:12)","timestamp":"2025-12-19T05:23:10.621Z"}
{"level":"info","message":"Server running on port 5000","timestamp":"2025-12-19T05:23:41.705Z"}
{"level":"info","message":"API Base URL: http://localhost:5000/api","timestamp":"2025-12-19T05:23:41.708Z"}
{"level":"info","message":"Database connected successfully","timestamp":"2025-12-19T05:23:41.769Z"}
{"level":"info","message":"Database tables created successfully","timestamp":"2025-12-19T05:23:41.822Z"}
{"level":"info","message":"Server running on port 5000","timestamp":"2025-12-19T05:48:13.886Z"}
{"level":"info","message":"API Base URL: http://localhost:5000/api","timestamp":"2025-12-19T05:48:13.890Z"}
{"level":"info","message":"Database connected successfully","timestamp":"2025-12-19T05:48:14.040Z"}
{"level":"info","message":"Database tables created successfully","timestamp":"2025-12-19T05:48:14.155Z"}
{"level":"info","message":"Server running on port 5000","timestamp":"2025-12-19T05:56:38.918Z"}
{"level":"info","message":"API Base URL: http://localhost:5000/api","timestamp":"2025-12-19T05:56:38.925Z"}
{"level":"info","message":"Database connected successfully","timestamp":"2025-12-19T05:56:39.047Z"}
{"level":"info","message":"Database tables created successfully","timestamp":"2025-12-19T05:56:39.164Z"}
{"level":"info","message":"Server running on port 5000","timestamp":"2025-12-19T06:08:35.203Z"}
{"level":"info","message":"API Base URL: http://localhost:5000/api","timestamp":"2025-12-19T06:08:35.210Z"}
{"level":"info","message":"Database connected successfully","timestamp":"2025-12-19T06:08:35.334Z"}
{"level":"info","message":"Database tables created successfully","timestamp":"2025-12-19T06:08:35.446Z"}
{"code":"ER_BAD_FIELD_ERROR","errno":1054,"level":"error","message":"Get expenses error: Unknown column 'e.createdAt' in 'order clause'","sql":"SELECT e.*, r.name as paidByName \n       FROM expenses e \n       JOIN roommates r ON e.paidBy = r.id \n       WHERE e.userId = 9 \n       ORDER BY e.date DESC, e.createdAt DESC","sqlMessage":"Unknown column 'e.createdAt' in 'order clause'","sqlState":"42S22","stack":"Error: Unknown column 'e.createdAt' in 'order clause'\n    at PromisePool.query (C:\\Users\\manee\\OneDrive\\Desktop\\rx\\backend\\node_modules\\mysql2\\lib\\promise\\pool.js:36:22)\n    at C:\\Users\\manee\\OneDrive\\Desktop\\rx\\backend\\server.js:476:35\n    at Layer.handle [as handle_request] (C:\\Users\\manee\\OneDrive\\Desktop\\rx\\backend\\node_modules\\express\\lib\\router\\layer.js:95:5)\n    at next (C:\\Users\\manee\\OneDrive\\Desktop\\rx\\backend\\node_modules\\express\\lib\\router\\route.js:149:13)\n    at authenticateToken (C:\\Users\\manee\\OneDrive\\Desktop\\rx\\backend\\server.js:176:5)\n    at process.processTicksAndRejections (node:internal/process/task_queues:95:5)","timestamp":"2025-12-19T06:27:29.525Z"}
{"code":"ER_BAD_FIELD_ERROR","errno":1054,"level":"error","message":"Get expenses error: Unknown column 'e.createdAt' in 'order clause'","sql":"SELECT e.*, r.name as paidByName \n       FROM expenses e \n       JOIN roommates r ON e.paidBy = r.id \n       WHERE e.userId = 9 \n       ORDER BY e.date DESC, e.createdAt DESC","sqlMessage":"Unknown column 'e.createdAt' in 'order clause'","sqlState":"42S22","stack":"Error: Unknown column 'e.createdAt' in 'order clause'\n    at PromisePool.query (C:\\Users\\manee\\OneDrive\\Desktop\\rx\\backend\\node_modules\\mysql2\\lib\\promise\\pool.js:36:22)\n    at C:\\Users\\manee\\OneDrive\\Desktop\\rx\\backend\\server.js:476:35\n    at Layer.handle [as handle_request] (C:\\Users\\manee\\OneDrive\\Desktop\\rx\\backend\\node_modules\\express\\lib\\router\\layer.js:95:5)\n    at next (C:\\Users\\manee\\OneDrive\\Desktop\\rx\\backend\\node_modules\\express\\lib\\router\\route.js:149:13)\n    at authenticateToken (C:\\Users\\manee\\OneDrive\\Desktop\\rx\\backend\\server.js:176:5)\n    at process.processTicksAndRejections (node:internal/process/task_queues:95:5)","timestamp":"2025-12-19T06:27:29.568Z"}
{"code":"ER_BAD_FIELD_ERROR","errno":1054,"level":"error","message":"Get expenses error: Unknown column 'e.createdAt' in 'order clause'","sql":"SELECT e.*, r.name as paidByName \n       FROM expenses e \n       JOIN roommates r ON e.paidBy = r.id \n       WHERE e.userId = 8 \n       ORDER BY e.date DESC, e.createdAt DESC","sqlMessage":"Unknown column 'e.createdAt' in 'order clause'","sqlState":"42S22","stack":"Error: Unknown column 'e.createdAt' in 'order clause'\n    at PromisePool.query (C:\\Users\\manee\\OneDrive\\Desktop\\rx\\backend\\node_modules\\mysql2\\lib\\promise\\pool.js:36:22)\n    at C:\\Users\\manee\\OneDrive\\Desktop\\rx\\backend\\server.js:476:35\n    at Layer.handle [as handle_request] (C:\\Users\\manee\\OneDrive\\Desktop\\rx\\backend\\node_modules\\express\\lib\\router\\layer.js:95:5)\n    at next (C:\\Users\\manee\\OneDrive\\Desktop\\rx\\backend\\node_modules\\express\\lib\\router\\route.js:149:13)\n    at authenticateToken (C:\\Users\\manee\\OneDrive\\Desktop\\rx\\backend\\server.js:176:5)\n    at process.processTicksAndRejections (node:internal/process/task_queues:95:5)","timestamp":"2025-12-19T06:27:44.810Z"}
{"code":"ER_BAD_FIELD_ERROR","errno":1054,"level":"error","message":"Get expenses error: Unknown column 'e.createdAt' in 'order clause'","sql":"SELECT e.*, r.name as paidByName \n       FROM expenses e \n       JOIN roommates r ON e.paidBy = r.id \n       WHERE e.userId = 8 \n       ORDER BY e.date DESC, e.createdAt DESC","sqlMessage":"Unknown column 'e.createdAt' in 'order clause'","sqlState":"42S22","stack":"Error: Unknown column 'e.createdAt' in 'order clause'\n    at PromisePool.query (C:\\Users\\manee\\OneDrive\\Desktop\\rx\\backend\\node_modules\\mysql2\\lib\\promise\\pool.js:36:22)\n    at C:\\Users\\manee\\OneDrive\\Desktop\\rx\\backend\\server.js:476:35\n    at Layer.handle [as handle_request] (C:\\Users\\manee\\OneDrive\\Desktop\\rx\\backend\\node_modules\\express\\lib\\router\\layer.js:95:5)\n    at next (C:\\Users\\manee\\OneDrive\\Desktop\\rx\\backend\\node_modules\\express\\lib\\router\\route.js:149:13)\n    at authenticateToken (C:\\Users\\manee\\OneDrive\\Desktop\\rx\\backend\\server.js:176:5)\n    at process.processTicksAndRejections (node:internal/process/task_queues:95:5)","timestamp":"2025-12-19T06:27:44.819Z"}
{"code":"ER_BAD_FIELD_ERROR","errno":1054,"level":"error","message":"Get expenses error: Unknown column 'e.createdAt' in 'order clause'","sql":"SELECT e.*, r.name as paidByName \n       FROM expenses e \n       JOIN roommates r ON e.paidBy = r.id \n       WHERE e.userId = 8 \n       ORDER BY e.date DESC, e.createdAt DESC","sqlMessage":"Unknown column 'e.createdAt' in 'order clause'","sqlState":"42S22","stack":"Error: Unknown column 'e.createdAt' in 'order clause'\n    at PromisePool.query (C:\\Users\\manee\\OneDrive\\Desktop\\rx\\backend\\node_modules\\mysql2\\lib\\promise\\pool.js:36:22)\n    at C:\\Users\\manee\\OneDrive\\Desktop\\rx\\backend\\server.js:476:35\n    at Layer.handle [as handle_request] (C:\\Users\\manee\\OneDrive\\Desktop\\rx\\backend\\node_modules\\express\\lib\\router\\layer.js:95:5)\n    at next (C:\\Users\\manee\\OneDrive\\Desktop\\rx\\backend\\node_modules\\express\\lib\\router\\route.js:149:13)\n    at authenticateToken (C:\\Users\\manee\\OneDrive\\Desktop\\rx\\backend\\server.js:176:5)\n    at process.processTicksAndRejections (node:internal/process/task_queues:95:5)","timestamp":"2025-12-19T06:28:16.627Z"}
{"code":"ER_BAD_FIELD_ERROR","errno":1054,"level":"error","message":"Get expenses error: Unknown column 'e.createdAt' in 'order clause'","sql":"SELECT e.*, r.name as paidByName \n       FROM expenses e \n       JOIN roommates r ON e.paidBy = r.id \n       WHERE e.userId = 8 \n       ORDER BY e.date DESC, e.createdAt DESC","sqlMessage":"Unknown column 'e.createdAt' in 'order clause'","sqlState":"42S22","stack":"Error: Unknown column 'e.createdAt' in 'order clause'\n    at PromisePool.query (C:\\Users\\manee\\OneDrive\\Desktop\\rx\\backend\\node_modules\\mysql2\\lib\\promise\\pool.js:36:22)\n    at C:\\Users\\manee\\OneDrive\\Desktop\\rx\\backend\\server.js:476:35\n    at Layer.handle [as handle_request] (C:\\Users\\manee\\OneDrive\\Desktop\\rx\\backend\\node_modules\\express\\lib\\router\\layer.js:95:5)\n    at next (C:\\Users\\manee\\OneDrive\\Desktop\\rx\\backend\\node_modules\\express\\lib\\router\\route.js:149:13)\n    at authenticateToken (C:\\Users\\manee\\OneDrive\\Desktop\\rx\\backend\\server.js:176:5)\n    at process.processTicksAndRejections (node:internal/process/task_queues:95:5)","timestamp":"2025-12-19T06:28:16.640Z"}
{"level":"info","message":"Server running on port 5000","timestamp":"2025-12-19T06:28:36.938Z"}
{"level":"info","message":"API Base URL: http://localhost:5000/api","timestamp":"2025-12-19T06:28:36.942Z"}
{"level":"info","message":"Database connected successfully","timestamp":"2025-12-19T06:28:37.042Z"}
{"level":"info","message":"Database tables created successfully","timestamp":"2025-12-19T06:28:37.148Z"}
{"code":"ER_BAD_FIELD_ERROR","errno":1054,"level":"error","message":"Get expenses error: Unknown column 'e.createdAt' in 'order clause'","sql":"SELECT e.*, r.name as paidByName \n       FROM expenses e \n       JOIN roommates r ON e.paidBy = r.id \n       WHERE e.userId = 8 \n       ORDER BY e.date DESC, e.createdAt DESC","sqlMessage":"Unknown column 'e.createdAt' in 'order clause'","sqlState":"42S22","stack":"Error: Unknown column 'e.createdAt' in 'order clause'\n    at PromisePool.query (C:\\Users\\manee\\OneDrive\\Desktop\\rx\\backend\\node_modules\\mysql2\\lib\\promise\\pool.js:36:22)\n    at C:\\Users\\manee\\OneDrive\\Desktop\\rx\\backend\\server.js:476:35\n    at Layer.handle [as handle_request] (C:\\Users\\manee\\OneDrive\\Desktop\\rx\\backend\\node_modules\\express\\lib\\router\\layer.js:95:5)\n    at next (C:\\Users\\manee\\OneDrive\\Desktop\\rx\\backend\\node_modules\\express\\lib\\router\\route.js:149:13)\n    at authenticateToken (C:\\Users\\manee\\OneDrive\\Desktop\\rx\\backend\\server.js:176:5)\n    at process.processTicksAndRejections (node:internal/process/task_queues:95:5)","timestamp":"2025-12-19T06:28:43.683Z"}
{"code":"ER_BAD_FIELD_ERROR","errno":1054,"level":"error","message":"Get expenses error: Unknown column 'e.createdAt' in 'order clause'","sql":"SELECT e.*, r.name as paidByName \n       FROM expenses e \n       JOIN roommates r ON e.paidBy = r.id \n       WHERE e.userId = 8 \n       ORDER BY e.date DESC, e.createdAt DESC","sqlMessage":"Unknown column 'e.createdAt' in 'order clause'","sqlState":"42S22","stack":"Error: Unknown column 'e.createdAt' in 'order clause'\n    at PromisePool.query (C:\\Users\\manee\\OneDrive\\Desktop\\rx\\backend\\node_modules\\mysql2\\lib\\promise\\pool.js:36:22)\n    at C:\\Users\\manee\\OneDrive\\Desktop\\rx\\backend\\server.js:476:35\n    at Layer.handle [as handle_request] (C:\\Users\\manee\\OneDrive\\Desktop\\rx\\backend\\node_modules\\express\\lib\\router\\layer.js:95:5)\n    at next (C:\\Users\\manee\\OneDrive\\Desktop\\rx\\backend\\node_modules\\express\\lib\\router\\route.js:149:13)\n    at authenticateToken (C:\\Users\\manee\\OneDrive\\Desktop\\rx\\backend\\server.js:176:5)\n    at process.processTicksAndRejections (node:internal/process/task_queues:95:5)","timestamp":"2025-12-19T06:28:43.699Z"}
{"level":"info","message":"Server running on port 5000","timestamp":"2025-12-19T06:29:12.351Z"}
{"level":"info","message":"API Base URL: http://localhost:5000/api","timestamp":"2025-12-19T06:29:12.354Z"}
{"level":"info","message":"Database connected successfully","timestamp":"2025-12-19T06:29:12.384Z"}
{"level":"info","message":"Database tables created successfully","timestamp":"2025-12-19T06:29:12.408Z"}
{"level":"info","message":"Server running on port 5000","timestamp":"2025-12-19T06:32:24.042Z"}
{"level":"info","message":"API Base URL: http://localhost:5000/api","timestamp":"2025-12-19T06:32:24.047Z"}
{"level":"info","message":"Database connected successfully","timestamp":"2025-12-19T06:32:24.098Z"}
{"level":"info","message":"Database tables created successfully","timestamp":"2025-12-19T06:32:24.120Z"}
{"code":"ER_BAD_FIELD_ERROR","errno":1054,"level":"error","message":"Get expenses error: Unknown column 'e.createdAt' in 'order clause'","sql":"SELECT e.*, r.name as paidByName \n       FROM expenses e \n       JOIN roommates r ON e.paidBy = r.id \n       WHERE e.userId = 8 \n       ORDER BY e.date DESC, e.createdAt DESC","sqlMessage":"Unknown column 'e.createdAt' in 'order clause'","sqlState":"42S22","stack":"Error: Unknown column 'e.createdAt' in 'order clause'\n    at PromisePool.query (C:\\Users\\manee\\OneDrive\\Desktop\\rx\\backend\\node_modules\\mysql2\\lib\\promise\\pool.js:36:22)\n    at C:\\Users\\manee\\OneDrive\\Desktop\\rx\\backend\\server.js:476:35\n    at Layer.handle [as handle_request] (C:\\Users\\manee\\OneDrive\\Desktop\\rx\\backend\\node_modules\\express\\lib\\router\\layer.js:95:5)\n    at next (C:\\Users\\manee\\OneDrive\\Desktop\\rx\\backend\\node_modules\\express\\lib\\router\\route.js:149:13)\n    at authenticateToken (C:\\Users\\manee\\OneDrive\\Desktop\\rx\\backend\\server.js:176:5)\n    at process.processTicksAndRejections (node:internal/process/task_queues:95:5)","timestamp":"2025-12-19T06:33:17.759Z"}
{"code":"ER_BAD_FIELD_ERROR","errno":1054,"level":"error","message":"Get expenses error: Unknown column 'e.createdAt' in 'order clause'","sql":"SELECT e.*, r.name as paidByName \n       FROM expenses e \n       JOIN roommates r ON e.paidBy = r.id \n       WHERE e.userId = 8 \n       ORDER BY e.date DESC, e.createdAt DESC","sqlMessage":"Unknown column 'e.createdAt' in 'order clause'","sqlState":"42S22","stack":"Error: Unknown column 'e.createdAt' in 'order clause'\n    at PromisePool.query (C:\\Users\\manee\\OneDrive\\Desktop\\rx\\backend\\node_modules\\mysql2\\lib\\promise\\pool.js:36:22)\n    at C:\\Users\\manee\\OneDrive\\Desktop\\rx\\backend\\server.js:476:35\n    at Layer.handle [as handle_request] (C:\\Users\\manee\\OneDrive\\Desktop\\rx\\backend\\node_modules\\express\\lib\\router\\layer.js:95:5)\n    at next (C:\\Users\\manee\\OneDrive\\Desktop\\rx\\backend\\node_modules\\express\\lib\\router\\route.js:149:13)\n    at authenticateToken (C:\\Users\\manee\\OneDrive\\Desktop\\rx\\backend\\server.js:176:5)\n    at process.processTicksAndRejections (node:internal/process/task_queues:95:5)","timestamp":"2025-12-19T06:33:17.766Z"}
{"level":"info","message":"Server running on port 5000","timestamp":"2025-12-19T06:42:03.807Z"}
{"level":"info","message":"API Base URL: http://localhost:5000/api","timestamp":"2025-12-19T06:42:03.812Z"}
{"level":"info","message":"Database connected successfully","timestamp":"2025-12-19T06:42:03.943Z"}
{"level":"info","message":"Database tables created successfully","timestamp":"2025-12-19T06:42:04.060Z"}
{"level":"info","message":"Server running on port 5000","timestamp":"2025-12-19T08:34:04.061Z"}
{"level":"info","message":"API Base URL: http://localhost:5000/api","timestamp":"2025-12-19T08:34:04.068Z"}
{"level":"info","message":"Database connected successfully","timestamp":"2025-12-19T08:34:04.232Z"}
{"level":"info","message":"Database tables created successfully","timestamp":"2025-12-19T08:34:04.373Z"}
{"code":"ER_BAD_FIELD_ERROR","errno":1054,"level":"error","message":"Add expense error: Unknown column 'splitAmong' in 'field list'","sql":"INSERT INTO expenses (description, amount, paidBy, date, splitAmong, userId) VALUES ('r', 200, 29, '2025-12-19', '[29,30,31]', 9)","sqlMessage":"Unknown column 'splitAmong' in 'field list'","sqlState":"42S22","stack":"Error: Unknown column 'splitAmong' in 'field list'\n    at PromisePool.query (C:\\Users\\manee\\OneDrive\\Desktop\\rx\\backend\\node_modules\\mysql2\\lib\\promise\\pool.js:36:22)\n    at C:\\Users\\manee\\OneDrive\\Desktop\\rx\\backend\\server.js:574:33\n    at process.processTicksAndRejections (node:internal/process/task_queues:95:5)","timestamp":"2025-12-19T09:25:45.617Z"}
{"level":"info","message":"Server running on port 5000","timestamp":"2025-12-19T09:26:08.195Z"}
{"level":"info","message":"API Base URL: http://localhost:5000/api","timestamp":"2025-12-19T09:26:08.198Z"}
{"level":"info","message":"Database connected successfully","timestamp":"2025-12-19T09:26:08.300Z"}
{"level":"info","message":"Database tables created successfully","timestamp":"2025-12-19T09:26:08.366Z"}
{"code":"ER_BAD_FIELD_ERROR","errno":1054,"level":"error","message":"Add expense error: Unknown column 'splitAmong' in 'field list'","sql":"INSERT INTO expenses (description, amount, paidBy, date, splitAmong, userId) VALUES ('r', 222, 29, '2025-12-19', '[29,31,32]', 9)","sqlMessage":"Unknown column 'splitAmong' in 'field list'","sqlState":"42S22","stack":"Error: Unknown column 'splitAmong' in 'field list'\n    at PromisePool.query (C:\\Users\\manee\\OneDrive\\Desktop\\rx\\backend\\node_modules\\mysql2\\lib\\promise\\pool.js:36:22)\n    at C:\\Users\\manee\\OneDrive\\Desktop\\rx\\backend\\server.js:574:33\n    at process.processTicksAndRejections (node:internal/process/task_queues:95:5)","timestamp":"2025-12-19T09:26:37.616Z"}
{"level":"info","message":"Server running on port 5000","timestamp":"2025-12-19T09:36:14.562Z"}
{"level":"info","message":"API Base URL: http://localhost:5000/api","timestamp":"2025-12-19T09:36:14.570Z"}
{"level":"info","message":"Database connected successfully","timestamp":"2025-12-19T09:36:14.654Z"}
{"level":"info","message":"Added splitAmong column to expenses table","timestamp":"2025-12-19T09:36:14.920Z"}
{"level":"info","message":"Database tables created/updated successfully","timestamp":"2025-12-19T09:36:14.925Z"}
{"level":"info","message":"Server running on port 5000","timestamp":"2025-12-19T19:47:32.390Z"}
{"level":"info","message":"API Base URL: http://localhost:5000/api","timestamp":"2025-12-19T19:47:32.394Z"}
{"level":"info","message":"Database connected successfully","timestamp":"2025-12-19T19:47:32.475Z"}
{"level":"info","message":"Database tables created/updated successfully","timestamp":"2025-12-19T19:47:32.613Z"}
{"level":"error","message":"Login error: Illegal arguments: string, object","stack":"Error: Illegal arguments: string, object\n    at _async (C:\\Users\\manee\\OneDrive\\Desktop\\rx\\backend\\node_modules\\bcryptjs\\umd\\index.js:305:15)\n    at C:\\Users\\manee\\OneDrive\\Desktop\\rx\\backend\\node_modules\\bcryptjs\\umd\\index.js:335:11\n    at new Promise (<anonymous>)\n    at Object.compare (C:\\Users\\manee\\OneDrive\\Desktop\\rx\\backend\\node_modules\\bcryptjs\\umd\\index.js:334:16)\n    at C:\\Users\\manee\\OneDrive\\Desktop\\rx\\backend\\server.js:359:42\n    at process.processTicksAndRejections (node:internal/process/task_queues:95:5)","timestamp":"2025-12-20T02:03:11.626Z"}
{"level":"info","message":"Server running on port 5000","timestamp":"2025-12-20T03:25:18.196Z"}
{"level":"info","message":"API Base URL: http://localhost:5000/api","timestamp":"2025-12-20T03:25:18.200Z"}
{"level":"info","message":"Database connected successfully","timestamp":"2025-12-20T03:25:18.392Z"}
{"level":"info","message":"Updated roommates table with email and status columns","timestamp":"2025-12-20T03:25:19.180Z"}
{"level":"info","message":"Database tables created/updated successfully for i also","timestamp":"2025-12-20T03:25:19.290Z"}
{"code":"EAUTH","command":"AUTH PLAIN","level":"error","message":"Failed to send invitation email: Invalid login: 535-5.7.8 Username and Password not accepted. For more information, go to\n535 5.7.8  https://support.google.com/mail/?p=BadCredentials d9443c01a7336-2a2f3d6ec6bsm34887005ad.87 - gsmtp","response":"535-5.7.8 Username and Password not accepted. For more information, go to\n535 5.7.8  https://support.google.com/mail/?p=BadCredentials d9443c01a7336-2a2f3d6ec6bsm34887005ad.87 - gsmtp","responseCode":535,"stack":"Error: Invalid login: 535-5.7.8 Username and Password not accepted. For more information, go to\n535 5.7.8  https://support.google.com/mail/?p=BadCredentials d9443c01a7336-2a2f3d6ec6bsm34887005ad.87 - gsmtp\n    at SMTPConnection._formatError (C:\\Users\\manee\\OneDrive\\Desktop\\rx\\backend\\node_modules\\nodemailer\\lib\\smtp-connection\\index.js:809:19)\n    at SMTPConnection._actionAUTHComplete (C:\\Users\\manee\\OneDrive\\Desktop\\rx\\backend\\node_modules\\nodemailer\\lib\\smtp-connection\\index.js:1595:34)\n    at SMTPConnection.<anonymous> (C:\\Users\\manee\\OneDrive\\Desktop\\rx\\backend\\node_modules\\nodemailer\\lib\\smtp-connection\\index.js:556:26)\n    at SMTPConnection._processResponse (C:\\Users\\manee\\OneDrive\\Desktop\\rx\\backend\\node_modules\\nodemailer\\lib\\smtp-connection\\index.js:993:20)\n    at SMTPConnection._onData (C:\\Users\\manee\\OneDrive\\Desktop\\rx\\backend\\node_modules\\nodemailer\\lib\\smtp-connection\\index.js:774:14)\n    at SMTPConnection._onSocketData (C:\\Users\\manee\\OneDrive\\Desktop\\rx\\backend\\node_modules\\nodemailer\\lib\\smtp-connection\\index.js:195:44)\n    at TLSSocket.emit (node:events:514:28)\n    at addChunk (node:internal/streams/readable:545:12)\n    at readableAddChunkPushByteMode (node:internal/streams/readable:495:3)\n    at Readable.push (node:internal/streams/readable:375:5)","timestamp":"2025-12-20T03:36:43.865Z"}
{"code":"EAUTH","command":"AUTH PLAIN","level":"error","message":"Send invitation error: Invalid login: 535-5.7.8 Username and Password not accepted. For more information, go to\n535 5.7.8  https://support.google.com/mail/?p=BadCredentials d9443c01a7336-2a2f3d6ec6bsm34887005ad.87 - gsmtp","response":"535-5.7.8 Username and Password not accepted. For more information, go to\n535 5.7.8  https://support.google.com/mail/?p=BadCredentials d9443c01a7336-2a2f3d6ec6bsm34887005ad.87 - gsmtp","responseCode":535,"stack":"Error: Invalid login: 535-5.7.8 Username and Password not accepted. For more information, go to\n535 5.7.8  https://support.google.com/mail/?p=BadCredentials d9443c01a7336-2a2f3d6ec6bsm34887005ad.87 - gsmtp\n    at SMTPConnection._formatError (C:\\Users\\manee\\OneDrive\\Desktop\\rx\\backend\\node_modules\\nodemailer\\lib\\smtp-connection\\index.js:809:19)\n    at SMTPConnection._actionAUTHComplete (C:\\Users\\manee\\OneDrive\\Desktop\\rx\\backend\\node_modules\\nodemailer\\lib\\smtp-connection\\index.js:1595:34)\n    at SMTPConnection.<anonymous> (C:\\Users\\manee\\OneDrive\\Desktop\\rx\\backend\\node_modules\\nodemailer\\lib\\smtp-connection\\index.js:556:26)\n    at SMTPConnection._processResponse (C:\\Users\\manee\\OneDrive\\Desktop\\rx\\backend\\node_modules\\nodemailer\\lib\\smtp-connection\\index.js:993:20)\n    at SMTPConnection._onData (C:\\Users\\manee\\OneDrive\\Desktop\\rx\\backend\\node_modules\\nodemailer\\lib\\smtp-connection\\index.js:774:14)\n    at SMTPConnection._onSocketData (C:\\Users\\manee\\OneDrive\\Desktop\\rx\\backend\\node_modules\\nodemailer\\lib\\smtp-connection\\index.js:195:44)\n    at TLSSocket.emit (node:events:514:28)\n    at addChunk (node:internal/streams/readable:545:12)\n    at readableAddChunkPushByteMode (node:internal/streams/readable:495:3)\n    at Readable.push (node:internal/streams/readable:375:5)","timestamp":"2025-12-20T03:36:43.896Z"}
{"level":"info","message":"Server running on port 5000","timestamp":"2025-12-20T03:46:20.687Z"}
{"level":"info","message":"API Base URL: http://localhost:5000/api","timestamp":"2025-12-20T03:46:20.692Z"}
{"level":"info","message":"Database connected successfully","timestamp":"2025-12-20T03:46:21.111Z"}
{"level":"info","message":"Database tables created/updated successfully for i also","timestamp":"2025-12-20T03:46:21.384Z"}
{"code":"EAUTH","command":"AUTH PLAIN","level":"error","message":"Failed to send invitation email: Invalid login: 535-5.7.8 Username and Password not accepted. For more information, go to\n535 5.7.8  https://support.google.com/mail/?p=BadCredentials 98e67ed59e1d1-34e70dbc9d6sm6560975a91.10 - gsmtp","response":"535-5.7.8 Username and Password not accepted. For more information, go to\n535 5.7.8  https://support.google.com/mail/?p=BadCredentials 98e67ed59e1d1-34e70dbc9d6sm6560975a91.10 - gsmtp","responseCode":535,"stack":"Error: Invalid login: 535-5.7.8 Username and Password not accepted. For more information, go to\n535 5.7.8  https://support.google.com/mail/?p=BadCredentials 98e67ed59e1d1-34e70dbc9d6sm6560975a91.10 - gsmtp\n    at SMTPConnection._formatError (C:\\Users\\manee\\OneDrive\\Desktop\\rx\\backend\\node_modules\\nodemailer\\lib\\smtp-connection\\index.js:809:19)\n    at SMTPConnection._actionAUTHComplete (C:\\Users\\manee\\OneDrive\\Desktop\\rx\\backend\\node_modules\\nodemailer\\lib\\smtp-connection\\index.js:1595:34)\n    at SMTPConnection.<anonymous> (C:\\Users\\manee\\OneDrive\\Desktop\\rx\\backend\\node_modules\\nodemailer\\lib\\smtp-connection\\index.js:556:26)\n    at SMTPConnection._processResponse (C:\\Users\\manee\\OneDrive\\Desktop\\rx\\backend\\node_modules\\nodemailer\\lib\\smtp-connection\\index.js:993:20)\n    at SMTPConnection._onData (C:\\Users\\manee\\OneDrive\\Desktop\\rx\\backend\\node_modules\\nodemailer\\lib\\smtp-connection\\index.js:774:14)\n    at SMTPConnection._onSocketData (C:\\Users\\manee\\OneDrive\\Desktop\\rx\\backend\\node_modules\\nodemailer\\lib\\smtp-connection\\index.js:195:44)\n    at TLSSocket.emit (node:events:514:28)\n    at addChunk (node:internal/streams/readable:545:12)\n    at readableAddChunkPushByteMode (node:internal/streams/readable:495:3)\n    at Readable.push (node:internal/streams/readable:375:5)","timestamp":"2025-12-20T03:46:57.408Z"}
{"code":"EAUTH","command":"AUTH PLAIN","level":"error","message":"Send invitation error: Invalid login: 535-5.7.8 Username and Password not accepted. For more information, go to\n535 5.7.8  https://support.google.com/mail/?p=BadCredentials 98e67ed59e1d1-34e70dbc9d6sm6560975a91.10 - gsmtp","response":"535-5.7.8 Username and Password not accepted. For more information, go to\n535 5.7.8  https://support.google.com/mail/?p=BadCredentials 98e67ed59e1d1-34e70dbc9d6sm6560975a91.10 - gsmtp","responseCode":535,"stack":"Error: Invalid login: 535-5.7.8 Username and Password not accepted. For more information, go to\n535 5.7.8  https://support.google.com/mail/?p=BadCredentials 98e67ed59e1d1-34e70dbc9d6sm6560975a91.10 - gsmtp\n    at SMTPConnection._formatError (C:\\Users\\manee\\OneDrive\\Desktop\\rx\\backend\\node_modules\\nodemailer\\lib\\smtp-connection\\index.js:809:19)\n    at SMTPConnection._actionAUTHComplete (C:\\Users\\manee\\OneDrive\\Desktop\\rx\\backend\\node_modules\\nodemailer\\lib\\smtp-connection\\index.js:1595:34)\n    at SMTPConnection.<anonymous> (C:\\Users\\manee\\OneDrive\\Desktop\\rx\\backend\\node_modules\\nodemailer\\lib\\smtp-connection\\index.js:556:26)\n    at SMTPConnection._processResponse (C:\\Users\\manee\\OneDrive\\Desktop\\rx\\backend\\node_modules\\nodemailer\\lib\\smtp-connection\\index.js:993:20)\n    at SMTPConnection._onData (C:\\Users\\manee\\OneDrive\\Desktop\\rx\\backend\\node_modules\\nodemailer\\lib\\smtp-connection\\index.js:774:14)\n    at SMTPConnection._onSocketData (C:\\Users\\manee\\OneDrive\\Desktop\\rx\\backend\\node_modules\\nodemailer\\lib\\smtp-connection\\index.js:195:44)\n    at TLSSocket.emit (node:events:514:28)\n    at addChunk (node:internal/streams/readable:545:12)\n    at readableAddChunkPushByteMode (node:internal/streams/readable:495:3)\n    at Readable.push (node:internal/streams/readable:375:5)","timestamp":"2025-12-20T03:46:57.410Z"}
{"level":"info","message":"Server running on port 5000","timestamp":"2025-12-20T03:51:22.045Z"}
{"level":"info","message":"API Base URL: http://localhost:5000/api","timestamp":"2025-12-20T03:51:22.049Z"}
{"level":"info","message":"Database connected successfully","timestamp":"2025-12-20T03:51:22.192Z"}
{"level":"info","message":"Database tables created/updated successfully for i also","timestamp":"2025-12-20T03:51:22.395Z"}
{"level":"info","message":"Invitation email sent to 2200049134ece@gmail.com","timestamp":"2025-12-20T03:54:21.169Z"}
{"level":"info","message":"Invitation email sent to 2200039139cser@gmail.com","timestamp":"2025-12-20T03:57:29.317Z"}
{"level":"info","message":"Invitation email sent to 2200039139cser@gmail.com","timestamp":"2025-12-20T03:59:14.970Z"}
{"level":"info","message":"Invitation email sent to 2200039139cser@gmail.com","timestamp":"2025-12-20T03:59:46.361Z"}
{"level":"error","message":"Login error: Illegal arguments: string, object","stack":"Error: Illegal arguments: string, object\n    at _async (C:\\Users\\manee\\OneDrive\\Desktop\\rx\\backend\\node_modules\\bcryptjs\\umd\\index.js:305:15)\n    at C:\\Users\\manee\\OneDrive\\Desktop\\rx\\backend\\node_modules\\bcryptjs\\umd\\index.js:335:11\n    at new Promise (<anonymous>)\n    at Object.compare (C:\\Users\\manee\\OneDrive\\Desktop\\rx\\backend\\node_modules\\bcryptjs\\umd\\index.js:334:16)\n    at C:\\Users\\manee\\OneDrive\\Desktop\\rx\\backend\\server.js:614:42\n    at process.processTicksAndRejections (node:internal/process/task_queues:95:5)","timestamp":"2025-12-20T04:27:30.852Z"}
{"level":"info","message":"Server running on port 5000","timestamp":"2025-12-20T04:53:17.263Z"}
{"level":"info","message":"API Base URL: http://localhost:5000/api","timestamp":"2025-12-20T04:53:17.267Z"}
{"level":"info","message":"Database connected successfully","timestamp":"2025-12-20T04:53:17.390Z"}
{"level":"info","message":"Database tables created/updated successfully for i also","timestamp":"2025-12-20T04:53:17.606Z"}
{"level":"info","message":"Invitation email sent to 2200049134ece@gmail.com","timestamp":"2025-12-20T05:35:26.641Z"}
{"level":"info","message":"Invitation email sent to 2200049134ece@gmail.com","timestamp":"2025-12-20T05:44:36.897Z"}
{"level":"info","message":"Invitation email sent to 2200039139cser@gmail.com","timestamp":"2025-12-20T05:45:26.356Z"}
{"level":"info","message":"Invitation email sent to nagasaik13@gmail.com","timestamp":"2025-12-20T05:48:51.271Z"}
{"level":"error","message":"Login error: Illegal arguments: string, object","stack":"Error: Illegal arguments: string, object\n    at _async (C:\\Users\\manee\\OneDrive\\Desktop\\rx\\backend\\node_modules\\bcryptjs\\umd\\index.js:305:15)\n    at C:\\Users\\manee\\OneDrive\\Desktop\\rx\\backend\\node_modules\\bcryptjs\\umd\\index.js:335:11\n    at new Promise (<anonymous>)\n    at Object.compare (C:\\Users\\manee\\OneDrive\\Desktop\\rx\\backend\\node_modules\\bcryptjs\\umd\\index.js:334:16)\n    at C:\\Users\\manee\\OneDrive\\Desktop\\rx\\backend\\server.js:710:42\n    at process.processTicksAndRejections (node:internal/process/task_queues:95:5)","timestamp":"2025-12-20T05:49:49.818Z"}
{"level":"info","message":"Invitation email sent to 2200069009eee@gmail.com","timestamp":"2025-12-20T05:55:32.151Z"}
{"level":"info","message":"Invitation email sent to 2200069009eee@gmail.com","timestamp":"2025-12-20T05:57:41.789Z"}
{"level":"info","message":"Invitation email sent to 2200069009eee@gmail.com","timestamp":"2025-12-20T06:14:54.525Z"}
{"level":"info","message":"Invitation email sent to 2200069009eee@gmail.com","timestamp":"2025-12-20T06:14:55.817Z"}
{"level":"info","message":"Invitation email sent to 2200069009eee@gmail.com","timestamp":"2025-12-20T06:57:02.025Z"}
{"level":"info","message":"Invitation email sent to 2200069046eee@gmail.com","timestamp":"2025-12-20T07:03:47.437Z"}
{"level":"info","message":"Invitation email sent to 2200049134ece@gmail.com","timestamp":"2025-12-20T08:24:28.408Z"}
{"level":"info","message":"Server running on port 5000","timestamp":"2025-12-20T08:48:58.654Z"}
{"level":"info","message":"API Base URL: http://localhost:5000/api","timestamp":"2025-12-20T08:48:58.659Z"}
{"level":"info","message":"Database connected successfully","timestamp":"2025-12-20T08:48:58.799Z"}
{"level":"info","message":"Database tables created/updated successfully","timestamp":"2025-12-20T08:48:59.136Z"}
{"code":"ER_BAD_FIELD_ERROR","errno":1054,"level":"error","message":"Get user role error: Unknown column 'created_at' in 'order clause'","sql":"SELECT * FROM roommates WHERE userId = 1 ORDER BY created_at ASC","sqlMessage":"Unknown column 'created_at' in 'order clause'","sqlState":"42S22","stack":"Error: Unknown column 'created_at' in 'order clause'\n    at PromisePool.query (C:\\Users\\manee\\OneDrive\\Desktop\\rx\\backend\\node_modules\\mysql2\\lib\\promise\\pool.js:36:22)\n    at C:\\Users\\manee\\OneDrive\\Desktop\\rx\\backend\\server.js:300:36\n    at Layer.handle [as handle_request] (C:\\Users\\manee\\OneDrive\\Desktop\\rx\\backend\\node_modules\\express\\lib\\router\\layer.js:95:5)\n    at next (C:\\Users\\manee\\OneDrive\\Desktop\\rx\\backend\\node_modules\\express\\lib\\router\\route.js:149:13)\n    at authenticateToken (C:\\Users\\manee\\OneDrive\\Desktop\\rx\\backend\\server.js:236:5)\n    at process.processTicksAndRejections (node:internal/process/task_queues:95:5)","timestamp":"2025-12-20T08:49:19.236Z"}
{"code":"ER_BAD_FIELD_ERROR","errno":1054,"level":"error","message":"Get user role error: Unknown column 'created_at' in 'order clause'","sql":"SELECT * FROM roommates WHERE userId = 1 ORDER BY created_at ASC","sqlMessage":"Unknown column 'created_at' in 'order clause'","sqlState":"42S22","stack":"Error: Unknown column 'created_at' in 'order clause'\n    at PromisePool.query (C:\\Users\\manee\\OneDrive\\Desktop\\rx\\backend\\node_modules\\mysql2\\lib\\promise\\pool.js:36:22)\n    at C:\\Users\\manee\\OneDrive\\Desktop\\rx\\backend\\server.js:300:36\n    at Layer.handle [as handle_request] (C:\\Users\\manee\\OneDrive\\Desktop\\rx\\backend\\node_modules\\express\\lib\\router\\layer.js:95:5)\n    at next (C:\\Users\\manee\\OneDrive\\Desktop\\rx\\backend\\node_modules\\express\\lib\\router\\route.js:149:13)\n    at authenticateToken (C:\\Users\\manee\\OneDrive\\Desktop\\rx\\backend\\server.js:236:5)\n    at process.processTicksAndRejections (node:internal/process/task_queues:95:5)","timestamp":"2025-12-20T08:49:19.259Z"}
{"code":"ER_BAD_FIELD_ERROR","errno":1054,"level":"error","message":"Get user role error: Unknown column 'created_at' in 'order clause'","sql":"SELECT * FROM roommates WHERE userId = 2 ORDER BY created_at ASC","sqlMessage":"Unknown column 'created_at' in 'order clause'","sqlState":"42S22","stack":"Error: Unknown column 'created_at' in 'order clause'\n    at PromisePool.query (C:\\Users\\manee\\OneDrive\\Desktop\\rx\\backend\\node_modules\\mysql2\\lib\\promise\\pool.js:36:22)\n    at C:\\Users\\manee\\OneDrive\\Desktop\\rx\\backend\\server.js:300:36\n    at Layer.handle [as handle_request] (C:\\Users\\manee\\OneDrive\\Desktop\\rx\\backend\\node_modules\\express\\lib\\router\\layer.js:95:5)\n    at next (C:\\Users\\manee\\OneDrive\\Desktop\\rx\\backend\\node_modules\\express\\lib\\router\\route.js:149:13)\n    at authenticateToken (C:\\Users\\manee\\OneDrive\\Desktop\\rx\\backend\\server.js:236:5)\n    at process.processTicksAndRejections (node:internal/process/task_queues:95:5)","timestamp":"2025-12-20T08:49:20.252Z"}
{"code":"ER_BAD_FIELD_ERROR","errno":1054,"level":"error","message":"Get user role error: Unknown column 'created_at' in 'order clause'","sql":"SELECT * FROM roommates WHERE userId = 2 ORDER BY created_at ASC","sqlMessage":"Unknown column 'created_at' in 'order clause'","sqlState":"42S22","stack":"Error: Unknown column 'created_at' in 'order clause'\n    at PromisePool.query (C:\\Users\\manee\\OneDrive\\Desktop\\rx\\backend\\node_modules\\mysql2\\lib\\promise\\pool.js:36:22)\n    at C:\\Users\\manee\\OneDrive\\Desktop\\rx\\backend\\server.js:300:36\n    at Layer.handle [as handle_request] (C:\\Users\\manee\\OneDrive\\Desktop\\rx\\backend\\node_modules\\express\\lib\\router\\layer.js:95:5)\n    at next (C:\\Users\\manee\\OneDrive\\Desktop\\rx\\backend\\node_modules\\express\\lib\\router\\route.js:149:13)\n    at authenticateToken (C:\\Users\\manee\\OneDrive\\Desktop\\rx\\backend\\server.js:236:5)\n    at process.processTicksAndRejections (node:internal/process/task_queues:95:5)","timestamp":"2025-12-20T08:49:20.266Z"}
{"code":"ER_BAD_FIELD_ERROR","errno":1054,"level":"error","message":"Get user role error: Unknown column 'created_at' in 'order clause'","sql":"SELECT * FROM roommates WHERE userId = 2 ORDER BY created_at ASC","sqlMessage":"Unknown column 'created_at' in 'order clause'","sqlState":"42S22","stack":"Error: Unknown column 'created_at' in 'order clause'\n    at PromisePool.query (C:\\Users\\manee\\OneDrive\\Desktop\\rx\\backend\\node_modules\\mysql2\\lib\\promise\\pool.js:36:22)\n    at C:\\Users\\manee\\OneDrive\\Desktop\\rx\\backend\\server.js:300:36\n    at Layer.handle [as handle_request] (C:\\Users\\manee\\OneDrive\\Desktop\\rx\\backend\\node_modules\\express\\lib\\router\\layer.js:95:5)\n    at next (C:\\Users\\manee\\OneDrive\\Desktop\\rx\\backend\\node_modules\\express\\lib\\router\\route.js:149:13)\n    at authenticateToken (C:\\Users\\manee\\OneDrive\\Desktop\\rx\\backend\\server.js:236:5)\n    at process.processTicksAndRejections (node:internal/process/task_queues:95:5)","timestamp":"2025-12-20T08:49:20.280Z"}
{"code":"ER_BAD_FIELD_ERROR","errno":1054,"level":"error","message":"Get user role error: Unknown column 'created_at' in 'order clause'","sql":"SELECT * FROM roommates WHERE userId = 2 ORDER BY created_at ASC","sqlMessage":"Unknown column 'created_at' in 'order clause'","sqlState":"42S22","stack":"Error: Unknown column 'created_at' in 'order clause'\n    at PromisePool.query (C:\\Users\\manee\\OneDrive\\Desktop\\rx\\backend\\node_modules\\mysql2\\lib\\promise\\pool.js:36:22)\n    at C:\\Users\\manee\\OneDrive\\Desktop\\rx\\backend\\server.js:300:36\n    at Layer.handle [as handle_request] (C:\\Users\\manee\\OneDrive\\Desktop\\rx\\backend\\node_modules\\express\\lib\\router\\layer.js:95:5)\n    at next (C:\\Users\\manee\\OneDrive\\Desktop\\rx\\backend\\node_modules\\express\\lib\\router\\route.js:149:13)\n    at authenticateToken (C:\\Users\\manee\\OneDrive\\Desktop\\rx\\backend\\server.js:236:5)\n    at process.processTicksAndRejections (node:internal/process/task_queues:95:5)","timestamp":"2025-12-20T08:49:20.310Z"}
{"code":"ER_BAD_FIELD_ERROR","errno":1054,"level":"error","message":"Get user role error: Unknown column 'created_at' in 'order clause'","sql":"SELECT * FROM roommates WHERE userId = 1 ORDER BY created_at ASC","sqlMessage":"Unknown column 'created_at' in 'order clause'","sqlState":"42S22","stack":"Error: Unknown column 'created_at' in 'order clause'\n    at PromisePool.query (C:\\Users\\manee\\OneDrive\\Desktop\\rx\\backend\\node_modules\\mysql2\\lib\\promise\\pool.js:36:22)\n    at C:\\Users\\manee\\OneDrive\\Desktop\\rx\\backend\\server.js:300:36\n    at Layer.handle [as handle_request] (C:\\Users\\manee\\OneDrive\\Desktop\\rx\\backend\\node_modules\\express\\lib\\router\\layer.js:95:5)\n    at next (C:\\Users\\manee\\OneDrive\\Desktop\\rx\\backend\\node_modules\\express\\lib\\router\\route.js:149:13)\n    at authenticateToken (C:\\Users\\manee\\OneDrive\\Desktop\\rx\\backend\\server.js:236:5)\n    at process.processTicksAndRejections (node:internal/process/task_queues:95:5)","timestamp":"2025-12-20T08:49:48.807Z"}
{"code":"ER_BAD_FIELD_ERROR","errno":1054,"level":"error","message":"Get user role error: Unknown column 'created_at' in 'order clause'","sql":"SELECT * FROM roommates WHERE userId = 1 ORDER BY created_at ASC","sqlMessage":"Unknown column 'created_at' in 'order clause'","sqlState":"42S22","stack":"Error: Unknown column 'created_at' in 'order clause'\n    at PromisePool.query (C:\\Users\\manee\\OneDrive\\Desktop\\rx\\backend\\node_modules\\mysql2\\lib\\promise\\pool.js:36:22)\n    at C:\\Users\\manee\\OneDrive\\Desktop\\rx\\backend\\server.js:300:36\n    at Layer.handle [as handle_request] (C:\\Users\\manee\\OneDrive\\Desktop\\rx\\backend\\node_modules\\express\\lib\\router\\layer.js:95:5)\n    at next (C:\\Users\\manee\\OneDrive\\Desktop\\rx\\backend\\node_modules\\express\\lib\\router\\route.js:149:13)\n    at authenticateToken (C:\\Users\\manee\\OneDrive\\Desktop\\rx\\backend\\server.js:236:5)\n    at process.processTicksAndRejections (node:internal/process/task_queues:95:5)","timestamp":"2025-12-20T08:49:59.669Z"}
{"code":"ER_BAD_FIELD_ERROR","errno":1054,"level":"error","message":"Get user role error: Unknown column 'created_at' in 'order clause'","sql":"SELECT * FROM roommates WHERE userId = 1 ORDER BY created_at ASC","sqlMessage":"Unknown column 'created_at' in 'order clause'","sqlState":"42S22","stack":"Error: Unknown column 'created_at' in 'order clause'\n    at PromisePool.query (C:\\Users\\manee\\OneDrive\\Desktop\\rx\\backend\\node_modules\\mysql2\\lib\\promise\\pool.js:36:22)\n    at C:\\Users\\manee\\OneDrive\\Desktop\\rx\\backend\\server.js:300:36\n    at Layer.handle [as handle_request] (C:\\Users\\manee\\OneDrive\\Desktop\\rx\\backend\\node_modules\\express\\lib\\router\\layer.js:95:5)\n    at next (C:\\Users\\manee\\OneDrive\\Desktop\\rx\\backend\\node_modules\\express\\lib\\router\\route.js:149:13)\n    at authenticateToken (C:\\Users\\manee\\OneDrive\\Desktop\\rx\\backend\\server.js:236:5)\n    at process.processTicksAndRejections (node:internal/process/task_queues:95:5)","timestamp":"2025-12-20T08:50:04.866Z"}
{"code":"ER_BAD_FIELD_ERROR","errno":1054,"level":"error","message":"Get user role error: Unknown column 'created_at' in 'order clause'","sql":"SELECT * FROM roommates WHERE userId = 1 ORDER BY created_at ASC","sqlMessage":"Unknown column 'created_at' in 'order clause'","sqlState":"42S22","stack":"Error: Unknown column 'created_at' in 'order clause'\n    at PromisePool.query (C:\\Users\\manee\\OneDrive\\Desktop\\rx\\backend\\node_modules\\mysql2\\lib\\promise\\pool.js:36:22)\n    at C:\\Users\\manee\\OneDrive\\Desktop\\rx\\backend\\server.js:300:36\n    at Layer.handle [as handle_request] (C:\\Users\\manee\\OneDrive\\Desktop\\rx\\backend\\node_modules\\express\\lib\\router\\layer.js:95:5)\n    at next (C:\\Users\\manee\\OneDrive\\Desktop\\rx\\backend\\node_modules\\express\\lib\\router\\route.js:149:13)\n    at authenticateToken (C:\\Users\\manee\\OneDrive\\Desktop\\rx\\backend\\server.js:236:5)\n    at process.processTicksAndRejections (node:internal/process/task_queues:95:5)","timestamp":"2025-12-20T08:50:16.094Z"}
{"code":"ER_BAD_FIELD_ERROR","errno":1054,"level":"error","message":"Get user role error: Unknown column 'created_at' in 'order clause'","sql":"SELECT * FROM roommates WHERE userId = 1 ORDER BY created_at ASC","sqlMessage":"Unknown column 'created_at' in 'order clause'","sqlState":"42S22","stack":"Error: Unknown column 'created_at' in 'order clause'\n    at PromisePool.query (C:\\Users\\manee\\OneDrive\\Desktop\\rx\\backend\\node_modules\\mysql2\\lib\\promise\\pool.js:36:22)\n    at C:\\Users\\manee\\OneDrive\\Desktop\\rx\\backend\\server.js:300:36\n    at Layer.handle [as handle_request] (C:\\Users\\manee\\OneDrive\\Desktop\\rx\\backend\\node_modules\\express\\lib\\router\\layer.js:95:5)\n    at next (C:\\Users\\manee\\OneDrive\\Desktop\\rx\\backend\\node_modules\\express\\lib\\router\\route.js:149:13)\n    at authenticateToken (C:\\Users\\manee\\OneDrive\\Desktop\\rx\\backend\\server.js:236:5)\n    at process.processTicksAndRejections (node:internal/process/task_queues:95:5)","timestamp":"2025-12-20T08:50:32.480Z"}
{"code":"ER_BAD_FIELD_ERROR","errno":1054,"level":"error","message":"Get user role error: Unknown column 'created_at' in 'order clause'","sql":"SELECT * FROM roommates WHERE userId = 1 ORDER BY created_at ASC","sqlMessage":"Unknown column 'created_at' in 'order clause'","sqlState":"42S22","stack":"Error: Unknown column 'created_at' in 'order clause'\n    at PromisePool.query (C:\\Users\\manee\\OneDrive\\Desktop\\rx\\backend\\node_modules\\mysql2\\lib\\promise\\pool.js:36:22)\n    at C:\\Users\\manee\\OneDrive\\Desktop\\rx\\backend\\server.js:300:36\n    at Layer.handle [as handle_request] (C:\\Users\\manee\\OneDrive\\Desktop\\rx\\backend\\node_modules\\express\\lib\\router\\layer.js:95:5)\n    at next (C:\\Users\\manee\\OneDrive\\Desktop\\rx\\backend\\node_modules\\express\\lib\\router\\route.js:149:13)\n    at authenticateToken (C:\\Users\\manee\\OneDrive\\Desktop\\rx\\backend\\server.js:236:5)\n    at process.processTicksAndRejections (node:internal/process/task_queues:95:5)","timestamp":"2025-12-20T08:50:32.499Z"}
{"level":"info","message":"Invitation email sent to 2200039139cser@gmail.com","timestamp":"2025-12-20T08:50:53.077Z"}
{"code":"ER_BAD_FIELD_ERROR","errno":1054,"level":"error","message":"Get user role error: Unknown column 'created_at' in 'order clause'","sql":"SELECT * FROM roommates WHERE userId = 3 ORDER BY created_at ASC","sqlMessage":"Unknown column 'created_at' in 'order clause'","sqlState":"42S22","stack":"Error: Unknown column 'created_at' in 'order clause'\n    at PromisePool.query (C:\\Users\\manee\\OneDrive\\Desktop\\rx\\backend\\node_modules\\mysql2\\lib\\promise\\pool.js:36:22)\n    at C:\\Users\\manee\\OneDrive\\Desktop\\rx\\backend\\server.js:300:36\n    at Layer.handle [as handle_request] (C:\\Users\\manee\\OneDrive\\Desktop\\rx\\backend\\node_modules\\express\\lib\\router\\layer.js:95:5)\n    at next (C:\\Users\\manee\\OneDrive\\Desktop\\rx\\backend\\node_modules\\express\\lib\\router\\route.js:149:13)\n    at authenticateToken (C:\\Users\\manee\\OneDrive\\Desktop\\rx\\backend\\server.js:236:5)\n    at process.processTicksAndRejections (node:internal/process/task_queues:95:5)","timestamp":"2025-12-20T08:51:55.121Z"}
{"code":"ER_BAD_FIELD_ERROR","errno":1054,"level":"error","message":"Get user role error: Unknown column 'created_at' in 'order clause'","sql":"SELECT * FROM roommates WHERE userId = 3 ORDER BY created_at ASC","sqlMessage":"Unknown column 'created_at' in 'order clause'","sqlState":"42S22","stack":"Error: Unknown column 'created_at' in 'order clause'\n    at PromisePool.query (C:\\Users\\manee\\OneDrive\\Desktop\\rx\\backend\\node_modules\\mysql2\\lib\\promise\\pool.js:36:22)\n    at C:\\Users\\manee\\OneDrive\\Desktop\\rx\\backend\\server.js:300:36\n    at Layer.handle [as handle_request] (C:\\Users\\manee\\OneDrive\\Desktop\\rx\\backend\\node_modules\\express\\lib\\router\\layer.js:95:5)\n    at next (C:\\Users\\manee\\OneDrive\\Desktop\\rx\\backend\\node_modules\\express\\lib\\router\\route.js:149:13)\n    at authenticateToken (C:\\Users\\manee\\OneDrive\\Desktop\\rx\\backend\\server.js:236:5)\n    at process.processTicksAndRejections (node:internal/process/task_queues:95:5)","timestamp":"2025-12-20T08:51:55.141Z"}
{"code":"ER_BAD_FIELD_ERROR","errno":1054,"level":"error","message":"Get user role error: Unknown column 'created_at' in 'order clause'","sql":"SELECT * FROM roommates WHERE userId = 3 ORDER BY created_at ASC","sqlMessage":"Unknown column 'created_at' in 'order clause'","sqlState":"42S22","stack":"Error: Unknown column 'created_at' in 'order clause'\n    at PromisePool.query (C:\\Users\\manee\\OneDrive\\Desktop\\rx\\backend\\node_modules\\mysql2\\lib\\promise\\pool.js:36:22)\n    at C:\\Users\\manee\\OneDrive\\Desktop\\rx\\backend\\server.js:300:36\n    at Layer.handle [as handle_request] (C:\\Users\\manee\\OneDrive\\Desktop\\rx\\backend\\node_modules\\express\\lib\\router\\layer.js:95:5)\n    at next (C:\\Users\\manee\\OneDrive\\Desktop\\rx\\backend\\node_modules\\express\\lib\\router\\route.js:149:13)\n    at authenticateToken (C:\\Users\\manee\\OneDrive\\Desktop\\rx\\backend\\server.js:236:5)\n    at process.processTicksAndRejections (node:internal/process/task_queues:95:5)","timestamp":"2025-12-20T08:51:55.615Z"}
{"code":"ER_BAD_FIELD_ERROR","errno":1054,"level":"error","message":"Get user role error: Unknown column 'created_at' in 'order clause'","sql":"SELECT * FROM roommates WHERE userId = 3 ORDER BY created_at ASC","sqlMessage":"Unknown column 'created_at' in 'order clause'","sqlState":"42S22","stack":"Error: Unknown column 'created_at' in 'order clause'\n    at PromisePool.query (C:\\Users\\manee\\OneDrive\\Desktop\\rx\\backend\\node_modules\\mysql2\\lib\\promise\\pool.js:36:22)\n    at C:\\Users\\manee\\OneDrive\\Desktop\\rx\\backend\\server.js:300:36\n    at Layer.handle [as handle_request] (C:\\Users\\manee\\OneDrive\\Desktop\\rx\\backend\\node_modules\\express\\lib\\router\\layer.js:95:5)\n    at next (C:\\Users\\manee\\OneDrive\\Desktop\\rx\\backend\\node_modules\\express\\lib\\router\\route.js:149:13)\n    at authenticateToken (C:\\Users\\manee\\OneDrive\\Desktop\\rx\\backend\\server.js:236:5)\n    at process.processTicksAndRejections (node:internal/process/task_queues:95:5)","timestamp":"2025-12-20T08:51:55.631Z"}
{"code":"ER_BAD_FIELD_ERROR","errno":1054,"level":"error","message":"Get user role error: Unknown column 'created_at' in 'order clause'","sql":"SELECT * FROM roommates WHERE userId = 3 ORDER BY created_at ASC","sqlMessage":"Unknown column 'created_at' in 'order clause'","sqlState":"42S22","stack":"Error: Unknown column 'created_at' in 'order clause'\n    at PromisePool.query (C:\\Users\\manee\\OneDrive\\Desktop\\rx\\backend\\node_modules\\mysql2\\lib\\promise\\pool.js:36:22)\n    at C:\\Users\\manee\\OneDrive\\Desktop\\rx\\backend\\server.js:300:36\n    at Layer.handle [as handle_request] (C:\\Users\\manee\\OneDrive\\Desktop\\rx\\backend\\node_modules\\express\\lib\\router\\layer.js:95:5)\n    at next (C:\\Users\\manee\\OneDrive\\Desktop\\rx\\backend\\node_modules\\express\\lib\\router\\route.js:149:13)\n    at authenticateToken (C:\\Users\\manee\\OneDrive\\Desktop\\rx\\backend\\server.js:236:5)\n    at process.processTicksAndRejections (node:internal/process/task_queues:95:5)","timestamp":"2025-12-20T08:52:00.392Z"}
{"code":"ER_BAD_FIELD_ERROR","errno":1054,"level":"error","message":"Get user role error: Unknown column 'created_at' in 'order clause'","sql":"SELECT * FROM roommates WHERE userId = 3 ORDER BY created_at ASC","sqlMessage":"Unknown column 'created_at' in 'order clause'","sqlState":"42S22","stack":"Error: Unknown column 'created_at' in 'order clause'\n    at PromisePool.query (C:\\Users\\manee\\OneDrive\\Desktop\\rx\\backend\\node_modules\\mysql2\\lib\\promise\\pool.js:36:22)\n    at C:\\Users\\manee\\OneDrive\\Desktop\\rx\\backend\\server.js:300:36\n    at Layer.handle [as handle_request] (C:\\Users\\manee\\OneDrive\\Desktop\\rx\\backend\\node_modules\\express\\lib\\router\\layer.js:95:5)\n    at next (C:\\Users\\manee\\OneDrive\\Desktop\\rx\\backend\\node_modules\\express\\lib\\router\\route.js:149:13)\n    at authenticateToken (C:\\Users\\manee\\OneDrive\\Desktop\\rx\\backend\\server.js:236:5)\n    at process.processTicksAndRejections (node:internal/process/task_queues:95:5)","timestamp":"2025-12-20T08:52:17.949Z"}
{"code":"ER_BAD_FIELD_ERROR","errno":1054,"level":"error","message":"Get user role error: Unknown column 'created_at' in 'order clause'","sql":"SELECT * FROM roommates WHERE userId = 1 ORDER BY created_at ASC","sqlMessage":"Unknown column 'created_at' in 'order clause'","sqlState":"42S22","stack":"Error: Unknown column 'created_at' in 'order clause'\n    at PromisePool.query (C:\\Users\\manee\\OneDrive\\Desktop\\rx\\backend\\node_modules\\mysql2\\lib\\promise\\pool.js:36:22)\n    at C:\\Users\\manee\\OneDrive\\Desktop\\rx\\backend\\server.js:300:36\n    at Layer.handle [as handle_request] (C:\\Users\\manee\\OneDrive\\Desktop\\rx\\backend\\node_modules\\express\\lib\\router\\layer.js:95:5)\n    at next (C:\\Users\\manee\\OneDrive\\Desktop\\rx\\backend\\node_modules\\express\\lib\\router\\route.js:149:13)\n    at authenticateToken (C:\\Users\\manee\\OneDrive\\Desktop\\rx\\backend\\server.js:236:5)\n    at process.processTicksAndRejections (node:internal/process/task_queues:95:5)","timestamp":"2025-12-20T08:52:29.940Z"}
{"code":"ER_BAD_FIELD_ERROR","errno":1054,"level":"error","message":"Get user role error: Unknown column 'created_at' in 'order clause'","sql":"SELECT * FROM roommates WHERE userId = 1 ORDER BY created_at ASC","sqlMessage":"Unknown column 'created_at' in 'order clause'","sqlState":"42S22","stack":"Error: Unknown column 'created_at' in 'order clause'\n    at PromisePool.query (C:\\Users\\manee\\OneDrive\\Desktop\\rx\\backend\\node_modules\\mysql2\\lib\\promise\\pool.js:36:22)\n    at C:\\Users\\manee\\OneDrive\\Desktop\\rx\\backend\\server.js:300:36\n    at Layer.handle [as handle_request] (C:\\Users\\manee\\OneDrive\\Desktop\\rx\\backend\\node_modules\\express\\lib\\router\\layer.js:95:5)\n    at next (C:\\Users\\manee\\OneDrive\\Desktop\\rx\\backend\\node_modules\\express\\lib\\router\\route.js:149:13)\n    at authenticateToken (C:\\Users\\manee\\OneDrive\\Desktop\\rx\\backend\\server.js:236:5)\n    at process.processTicksAndRejections (node:internal/process/task_queues:95:5)","timestamp":"2025-12-20T08:52:29.947Z"}
{"code":"ER_BAD_FIELD_ERROR","errno":1054,"level":"error","message":"Get user role error: Unknown column 'created_at' in 'order clause'","sql":"SELECT * FROM roommates WHERE userId = 1 ORDER BY created_at ASC","sqlMessage":"Unknown column 'created_at' in 'order clause'","sqlState":"42S22","stack":"Error: Unknown column 'created_at' in 'order clause'\n    at PromisePool.query (C:\\Users\\manee\\OneDrive\\Desktop\\rx\\backend\\node_modules\\mysql2\\lib\\promise\\pool.js:36:22)\n    at C:\\Users\\manee\\OneDrive\\Desktop\\rx\\backend\\server.js:300:36\n    at Layer.handle [as handle_request] (C:\\Users\\manee\\OneDrive\\Desktop\\rx\\backend\\node_modules\\express\\lib\\router\\layer.js:95:5)\n    at next (C:\\Users\\manee\\OneDrive\\Desktop\\rx\\backend\\node_modules\\express\\lib\\router\\route.js:149:13)\n    at authenticateToken (C:\\Users\\manee\\OneDrive\\Desktop\\rx\\backend\\server.js:236:5)\n    at process.processTicksAndRejections (node:internal/process/task_queues:95:5)","timestamp":"2025-12-20T08:52:52.801Z"}
{"code":"ER_BAD_FIELD_ERROR","errno":1054,"level":"error","message":"Get user role error: Unknown column 'created_at' in 'order clause'","sql":"SELECT * FROM roommates WHERE userId = 1 ORDER BY created_at ASC","sqlMessage":"Unknown column 'created_at' in 'order clause'","sqlState":"42S22","stack":"Error: Unknown column 'created_at' in 'order clause'\n    at PromisePool.query (C:\\Users\\manee\\OneDrive\\Desktop\\rx\\backend\\node_modules\\mysql2\\lib\\promise\\pool.js:36:22)\n    at C:\\Users\\manee\\OneDrive\\Desktop\\rx\\backend\\server.js:300:36\n    at Layer.handle [as handle_request] (C:\\Users\\manee\\OneDrive\\Desktop\\rx\\backend\\node_modules\\express\\lib\\router\\layer.js:95:5)\n    at next (C:\\Users\\manee\\OneDrive\\Desktop\\rx\\backend\\node_modules\\express\\lib\\router\\route.js:149:13)\n    at authenticateToken (C:\\Users\\manee\\OneDrive\\Desktop\\rx\\backend\\server.js:236:5)\n    at process.processTicksAndRejections (node:internal/process/task_queues:95:5)","timestamp":"2025-12-20T08:52:58.188Z"}
{"code":"ER_BAD_FIELD_ERROR","errno":1054,"level":"error","message":"Get user role error: Unknown column 'created_at' in 'order clause'","sql":"SELECT * FROM roommates WHERE userId = 1 ORDER BY created_at ASC","sqlMessage":"Unknown column 'created_at' in 'order clause'","sqlState":"42S22","stack":"Error: Unknown column 'created_at' in 'order clause'\n    at PromisePool.query (C:\\Users\\manee\\OneDrive\\Desktop\\rx\\backend\\node_modules\\mysql2\\lib\\promise\\pool.js:36:22)\n    at C:\\Users\\manee\\OneDrive\\Desktop\\rx\\backend\\server.js:300:36\n    at Layer.handle [as handle_request] (C:\\Users\\manee\\OneDrive\\Desktop\\rx\\backend\\node_modules\\express\\lib\\router\\layer.js:95:5)\n    at next (C:\\Users\\manee\\OneDrive\\Desktop\\rx\\backend\\node_modules\\express\\lib\\router\\route.js:149:13)\n    at authenticateToken (C:\\Users\\manee\\OneDrive\\Desktop\\rx\\backend\\server.js:236:5)\n    at process.processTicksAndRejections (node:internal/process/task_queues:95:5)","timestamp":"2025-12-20T08:52:58.200Z"}
{"code":"ER_BAD_FIELD_ERROR","errno":1054,"level":"error","message":"Get user role error: Unknown column 'created_at' in 'order clause'","sql":"SELECT * FROM roommates WHERE userId = 3 ORDER BY created_at ASC","sqlMessage":"Unknown column 'created_at' in 'order clause'","sqlState":"42S22","stack":"Error: Unknown column 'created_at' in 'order clause'\n    at PromisePool.query (C:\\Users\\manee\\OneDrive\\Desktop\\rx\\backend\\node_modules\\mysql2\\lib\\promise\\pool.js:36:22)\n    at C:\\Users\\manee\\OneDrive\\Desktop\\rx\\backend\\server.js:300:36\n    at Layer.handle [as handle_request] (C:\\Users\\manee\\OneDrive\\Desktop\\rx\\backend\\node_modules\\express\\lib\\router\\layer.js:95:5)\n    at next (C:\\Users\\manee\\OneDrive\\Desktop\\rx\\backend\\node_modules\\express\\lib\\router\\route.js:149:13)\n    at authenticateToken (C:\\Users\\manee\\OneDrive\\Desktop\\rx\\backend\\server.js:236:5)\n    at process.processTicksAndRejections (node:internal/process/task_queues:95:5)","timestamp":"2025-12-20T08:53:05.855Z"}
{"code":"ER_BAD_FIELD_ERROR","errno":1054,"level":"error","message":"Get user role error: Unknown column 'created_at' in 'order clause'","sql":"SELECT * FROM roommates WHERE userId = 3 ORDER BY created_at ASC","sqlMessage":"Unknown column 'created_at' in 'order clause'","sqlState":"42S22","stack":"Error: Unknown column 'created_at' in 'order clause'\n    at PromisePool.query (C:\\Users\\manee\\OneDrive\\Desktop\\rx\\backend\\node_modules\\mysql2\\lib\\promise\\pool.js:36:22)\n    at C:\\Users\\manee\\OneDrive\\Desktop\\rx\\backend\\server.js:300:36\n    at Layer.handle [as handle_request] (C:\\Users\\manee\\OneDrive\\Desktop\\rx\\backend\\node_modules\\express\\lib\\router\\layer.js:95:5)\n    at next (C:\\Users\\manee\\OneDrive\\Desktop\\rx\\backend\\node_modules\\express\\lib\\router\\route.js:149:13)\n    at authenticateToken (C:\\Users\\manee\\OneDrive\\Desktop\\rx\\backend\\server.js:236:5)\n    at process.processTicksAndRejections (node:internal/process/task_queues:95:5)","timestamp":"2025-12-20T08:53:05.861Z"}
{"code":"ER_BAD_FIELD_ERROR","errno":1054,"level":"error","message":"Get user role error: Unknown column 'created_at' in 'order clause'","sql":"SELECT * FROM roommates WHERE userId = 3 ORDER BY created_at ASC","sqlMessage":"Unknown column 'created_at' in 'order clause'","sqlState":"42S22","stack":"Error: Unknown column 'created_at' in 'order clause'\n    at PromisePool.query (C:\\Users\\manee\\OneDrive\\Desktop\\rx\\backend\\node_modules\\mysql2\\lib\\promise\\pool.js:36:22)\n    at C:\\Users\\manee\\OneDrive\\Desktop\\rx\\backend\\server.js:300:36\n    at Layer.handle [as handle_request] (C:\\Users\\manee\\OneDrive\\Desktop\\rx\\backend\\node_modules\\express\\lib\\router\\layer.js:95:5)\n    at next (C:\\Users\\manee\\OneDrive\\Desktop\\rx\\backend\\node_modules\\express\\lib\\router\\route.js:149:13)\n    at authenticateToken (C:\\Users\\manee\\OneDrive\\Desktop\\rx\\backend\\server.js:236:5)\n    at process.processTicksAndRejections (node:internal/process/task_queues:95:5)","timestamp":"2025-12-20T08:54:42.753Z"}
{"code":"ER_BAD_FIELD_ERROR","errno":1054,"level":"error","message":"Get user role error: Unknown column 'created_at' in 'order clause'","sql":"SELECT * FROM roommates WHERE userId = 3 ORDER BY created_at ASC","sqlMessage":"Unknown column 'created_at' in 'order clause'","sqlState":"42S22","stack":"Error: Unknown column 'created_at' in 'order clause'\n    at PromisePool.query (C:\\Users\\manee\\OneDrive\\Desktop\\rx\\backend\\node_modules\\mysql2\\lib\\promise\\pool.js:36:22)\n    at C:\\Users\\manee\\OneDrive\\Desktop\\rx\\backend\\server.js:300:36\n    at Layer.handle [as handle_request] (C:\\Users\\manee\\OneDrive\\Desktop\\rx\\backend\\node_modules\\express\\lib\\router\\layer.js:95:5)\n    at next (C:\\Users\\manee\\OneDrive\\Desktop\\rx\\backend\\node_modules\\express\\lib\\router\\route.js:149:13)\n    at authenticateToken (C:\\Users\\manee\\OneDrive\\Desktop\\rx\\backend\\server.js:236:5)\n    at process.processTicksAndRejections (node:internal/process/task_queues:95:5)","timestamp":"2025-12-20T08:54:42.760Z"}
{"level":"info","message":"Invitation email sent to 2200069009eee@gmail.com","timestamp":"2025-12-20T08:55:12.556Z"}
{"code":"ER_BAD_FIELD_ERROR","errno":1054,"level":"error","message":"Get user role error: Unknown column 'created_at' in 'order clause'","sql":"SELECT * FROM roommates WHERE userId = 4 ORDER BY created_at ASC","sqlMessage":"Unknown column 'created_at' in 'order clause'","sqlState":"42S22","stack":"Error: Unknown column 'created_at' in 'order clause'\n    at PromisePool.query (C:\\Users\\manee\\OneDrive\\Desktop\\rx\\backend\\node_modules\\mysql2\\lib\\promise\\pool.js:36:22)\n    at C:\\Users\\manee\\OneDrive\\Desktop\\rx\\backend\\server.js:300:36\n    at Layer.handle [as handle_request] (C:\\Users\\manee\\OneDrive\\Desktop\\rx\\backend\\node_modules\\express\\lib\\router\\layer.js:95:5)\n    at next (C:\\Users\\manee\\OneDrive\\Desktop\\rx\\backend\\node_modules\\express\\lib\\router\\route.js:149:13)\n    at authenticateToken (C:\\Users\\manee\\OneDrive\\Desktop\\rx\\backend\\server.js:236:5)\n    at process.processTicksAndRejections (node:internal/process/task_queues:95:5)","timestamp":"2025-12-20T08:56:00.591Z"}
{"code":"ER_BAD_FIELD_ERROR","errno":1054,"level":"error","message":"Get user role error: Unknown column 'created_at' in 'order clause'","sql":"SELECT * FROM roommates WHERE userId = 4 ORDER BY created_at ASC","sqlMessage":"Unknown column 'created_at' in 'order clause'","sqlState":"42S22","stack":"Error: Unknown column 'created_at' in 'order clause'\n    at PromisePool.query (C:\\Users\\manee\\OneDrive\\Desktop\\rx\\backend\\node_modules\\mysql2\\lib\\promise\\pool.js:36:22)\n    at C:\\Users\\manee\\OneDrive\\Desktop\\rx\\backend\\server.js:300:36\n    at Layer.handle [as handle_request] (C:\\Users\\manee\\OneDrive\\Desktop\\rx\\backend\\node_modules\\express\\lib\\router\\layer.js:95:5)\n    at next (C:\\Users\\manee\\OneDrive\\Desktop\\rx\\backend\\node_modules\\express\\lib\\router\\route.js:149:13)\n    at authenticateToken (C:\\Users\\manee\\OneDrive\\Desktop\\rx\\backend\\server.js:236:5)\n    at process.processTicksAndRejections (node:internal/process/task_queues:95:5)","timestamp":"2025-12-20T08:56:00.604Z"}
{"code":"ER_BAD_FIELD_ERROR","errno":1054,"level":"error","message":"Get user role error: Unknown column 'created_at' in 'order clause'","sql":"SELECT * FROM roommates WHERE userId = 4 ORDER BY created_at ASC","sqlMessage":"Unknown column 'created_at' in 'order clause'","sqlState":"42S22","stack":"Error: Unknown column 'created_at' in 'order clause'\n    at PromisePool.query (C:\\Users\\manee\\OneDrive\\Desktop\\rx\\backend\\node_modules\\mysql2\\lib\\promise\\pool.js:36:22)\n    at C:\\Users\\manee\\OneDrive\\Desktop\\rx\\backend\\server.js:300:36\n    at Layer.handle [as handle_request] (C:\\Users\\manee\\OneDrive\\Desktop\\rx\\backend\\node_modules\\express\\lib\\router\\layer.js:95:5)\n    at next (C:\\Users\\manee\\OneDrive\\Desktop\\rx\\backend\\node_modules\\express\\lib\\router\\route.js:149:13)\n    at authenticateToken (C:\\Users\\manee\\OneDrive\\Desktop\\rx\\backend\\server.js:236:5)\n    at process.processTicksAndRejections (node:internal/process/task_queues:95:5)","timestamp":"2025-12-20T08:56:01.085Z"}
{"code":"ER_BAD_FIELD_ERROR","errno":1054,"level":"error","message":"Get user role error: Unknown column 'created_at' in 'order clause'","sql":"SELECT * FROM roommates WHERE userId = 4 ORDER BY created_at ASC","sqlMessage":"Unknown column 'created_at' in 'order clause'","sqlState":"42S22","stack":"Error: Unknown column 'created_at' in 'order clause'\n    at PromisePool.query (C:\\Users\\manee\\OneDrive\\Desktop\\rx\\backend\\node_modules\\mysql2\\lib\\promise\\pool.js:36:22)\n    at C:\\Users\\manee\\OneDrive\\Desktop\\rx\\backend\\server.js:300:36\n    at Layer.handle [as handle_request] (C:\\Users\\manee\\OneDrive\\Desktop\\rx\\backend\\node_modules\\express\\lib\\router\\layer.js:95:5)\n    at next (C:\\Users\\manee\\OneDrive\\Desktop\\rx\\backend\\node_modules\\express\\lib\\router\\route.js:149:13)\n    at authenticateToken (C:\\Users\\manee\\OneDrive\\Desktop\\rx\\backend\\server.js:236:5)\n    at process.processTicksAndRejections (node:internal/process/task_queues:95:5)","timestamp":"2025-12-20T08:56:01.100Z"}
{"code":"ER_BAD_FIELD_ERROR","errno":1054,"level":"error","message":"Get user role error: Unknown column 'created_at' in 'order clause'","sql":"SELECT * FROM roommates WHERE userId = 4 ORDER BY created_at ASC","sqlMessage":"Unknown column 'created_at' in 'order clause'","sqlState":"42S22","stack":"Error: Unknown column 'created_at' in 'order clause'\n    at PromisePool.query (C:\\Users\\manee\\OneDrive\\Desktop\\rx\\backend\\node_modules\\mysql2\\lib\\promise\\pool.js:36:22)\n    at C:\\Users\\manee\\OneDrive\\Desktop\\rx\\backend\\server.js:300:36\n    at Layer.handle [as handle_request] (C:\\Users\\manee\\OneDrive\\Desktop\\rx\\backend\\node_modules\\express\\lib\\router\\layer.js:95:5)\n    at next (C:\\Users\\manee\\OneDrive\\Desktop\\rx\\backend\\node_modules\\express\\lib\\router\\route.js:149:13)\n    at authenticateToken (C:\\Users\\manee\\OneDrive\\Desktop\\rx\\backend\\server.js:236:5)\n    at process.processTicksAndRejections (node:internal/process/task_queues:95:5)","timestamp":"2025-12-20T08:56:12.224Z"}
{"code":"ER_BAD_FIELD_ERROR","errno":1054,"level":"error","message":"Get user role error: Unknown column 'created_at' in 'order clause'","sql":"SELECT * FROM roommates WHERE userId = 4 ORDER BY created_at ASC","sqlMessage":"Unknown column 'created_at' in 'order clause'","sqlState":"42S22","stack":"Error: Unknown column 'created_at' in 'order clause'\n    at PromisePool.query (C:\\Users\\manee\\OneDrive\\Desktop\\rx\\backend\\node_modules\\mysql2\\lib\\promise\\pool.js:36:22)\n    at C:\\Users\\manee\\OneDrive\\Desktop\\rx\\backend\\server.js:300:36\n    at Layer.handle [as handle_request] (C:\\Users\\manee\\OneDrive\\Desktop\\rx\\backend\\node_modules\\express\\lib\\router\\layer.js:95:5)\n    at next (C:\\Users\\manee\\OneDrive\\Desktop\\rx\\backend\\node_modules\\express\\lib\\router\\route.js:149:13)\n    at authenticateToken (C:\\Users\\manee\\OneDrive\\Desktop\\rx\\backend\\server.js:236:5)\n    at process.processTicksAndRejections (node:internal/process/task_queues:95:5)","timestamp":"2025-12-20T08:56:12.231Z"}
{"code":"ER_BAD_FIELD_ERROR","errno":1054,"level":"error","message":"Get user role error: Unknown column 'created_at' in 'order clause'","sql":"SELECT * FROM roommates WHERE userId = 1 ORDER BY created_at ASC","sqlMessage":"Unknown column 'created_at' in 'order clause'","sqlState":"42S22","stack":"Error: Unknown column 'created_at' in 'order clause'\n    at PromisePool.query (C:\\Users\\manee\\OneDrive\\Desktop\\rx\\backend\\node_modules\\mysql2\\lib\\promise\\pool.js:36:22)\n    at C:\\Users\\manee\\OneDrive\\Desktop\\rx\\backend\\server.js:300:36\n    at Layer.handle [as handle_request] (C:\\Users\\manee\\OneDrive\\Desktop\\rx\\backend\\node_modules\\express\\lib\\router\\layer.js:95:5)\n    at next (C:\\Users\\manee\\OneDrive\\Desktop\\rx\\backend\\node_modules\\express\\lib\\router\\route.js:149:13)\n    at authenticateToken (C:\\Users\\manee\\OneDrive\\Desktop\\rx\\backend\\server.js:236:5)\n    at process.processTicksAndRejections (node:internal/process/task_queues:95:5)","timestamp":"2025-12-20T08:56:33.480Z"}
{"code":"ER_BAD_FIELD_ERROR","errno":1054,"level":"error","message":"Get user role error: Unknown column 'created_at' in 'order clause'","sql":"SELECT * FROM roommates WHERE userId = 1 ORDER BY created_at ASC","sqlMessage":"Unknown column 'created_at' in 'order clause'","sqlState":"42S22","stack":"Error: Unknown column 'created_at' in 'order clause'\n    at PromisePool.query (C:\\Users\\manee\\OneDrive\\Desktop\\rx\\backend\\node_modules\\mysql2\\lib\\promise\\pool.js:36:22)\n    at C:\\Users\\manee\\OneDrive\\Desktop\\rx\\backend\\server.js:300:36\n    at Layer.handle [as handle_request] (C:\\Users\\manee\\OneDrive\\Desktop\\rx\\backend\\node_modules\\express\\lib\\router\\layer.js:95:5)\n    at next (C:\\Users\\manee\\OneDrive\\Desktop\\rx\\backend\\node_modules\\express\\lib\\router\\route.js:149:13)\n    at authenticateToken (C:\\Users\\manee\\OneDrive\\Desktop\\rx\\backend\\server.js:236:5)\n    at process.processTicksAndRejections (node:internal/process/task_queues:95:5)","timestamp":"2025-12-20T08:56:40.346Z"}
{"code":"ER_BAD_FIELD_ERROR","errno":1054,"level":"error","message":"Get user role error: Unknown column 'created_at' in 'order clause'","sql":"SELECT * FROM roommates WHERE userId = 1 ORDER BY created_at ASC","sqlMessage":"Unknown column 'created_at' in 'order clause'","sqlState":"42S22","stack":"Error: Unknown column 'created_at' in 'order clause'\n    at PromisePool.query (C:\\Users\\manee\\OneDrive\\Desktop\\rx\\backend\\node_modules\\mysql2\\lib\\promise\\pool.js:36:22)\n    at C:\\Users\\manee\\OneDrive\\Desktop\\rx\\backend\\server.js:300:36\n    at Layer.handle [as handle_request] (C:\\Users\\manee\\OneDrive\\Desktop\\rx\\backend\\node_modules\\express\\lib\\router\\layer.js:95:5)\n    at next (C:\\Users\\manee\\OneDrive\\Desktop\\rx\\backend\\node_modules\\express\\lib\\router\\route.js:149:13)\n    at authenticateToken (C:\\Users\\manee\\OneDrive\\Desktop\\rx\\backend\\server.js:236:5)\n    at process.processTicksAndRejections (node:internal/process/task_queues:95:5)","timestamp":"2025-12-20T08:56:40.353Z"}
{"code":"ER_BAD_FIELD_ERROR","errno":1054,"level":"error","message":"Get user role error: Unknown column 'created_at' in 'order clause'","sql":"SELECT * FROM roommates WHERE userId = 4 ORDER BY created_at ASC","sqlMessage":"Unknown column 'created_at' in 'order clause'","sqlState":"42S22","stack":"Error: Unknown column 'created_at' in 'order clause'\n    at PromisePool.query (C:\\Users\\manee\\OneDrive\\Desktop\\rx\\backend\\node_modules\\mysql2\\lib\\promise\\pool.js:36:22)\n    at C:\\Users\\manee\\OneDrive\\Desktop\\rx\\backend\\server.js:300:36\n    at Layer.handle [as handle_request] (C:\\Users\\manee\\OneDrive\\Desktop\\rx\\backend\\node_modules\\express\\lib\\router\\layer.js:95:5)\n    at next (C:\\Users\\manee\\OneDrive\\Desktop\\rx\\backend\\node_modules\\express\\lib\\router\\route.js:149:13)\n    at authenticateToken (C:\\Users\\manee\\OneDrive\\Desktop\\rx\\backend\\server.js:236:5)\n    at process.processTicksAndRejections (node:internal/process/task_queues:95:5)","timestamp":"2025-12-20T08:56:49.161Z"}
{"code":"ER_BAD_FIELD_ERROR","errno":1054,"level":"error","message":"Get user role error: Unknown column 'created_at' in 'order clause'","sql":"SELECT * FROM roommates WHERE userId = 4 ORDER BY created_at ASC","sqlMessage":"Unknown column 'created_at' in 'order clause'","sqlState":"42S22","stack":"Error: Unknown column 'created_at' in 'order clause'\n    at PromisePool.query (C:\\Users\\manee\\OneDrive\\Desktop\\rx\\backend\\node_modules\\mysql2\\lib\\promise\\pool.js:36:22)\n    at C:\\Users\\manee\\OneDrive\\Desktop\\rx\\backend\\server.js:300:36\n    at Layer.handle [as handle_request] (C:\\Users\\manee\\OneDrive\\Desktop\\rx\\backend\\node_modules\\express\\lib\\router\\layer.js:95:5)\n    at next (C:\\Users\\manee\\OneDrive\\Desktop\\rx\\backend\\node_modules\\express\\lib\\router\\route.js:149:13)\n    at authenticateToken (C:\\Users\\manee\\OneDrive\\Desktop\\rx\\backend\\server.js:236:5)\n    at process.processTicksAndRejections (node:internal/process/task_queues:95:5)","timestamp":"2025-12-20T08:56:49.169Z"}
{"code":"ER_BAD_FIELD_ERROR","errno":1054,"level":"error","message":"Get user role error: Unknown column 'created_at' in 'order clause'","sql":"SELECT * FROM roommates WHERE userId = 3 ORDER BY created_at ASC","sqlMessage":"Unknown column 'created_at' in 'order clause'","sqlState":"42S22","stack":"Error: Unknown column 'created_at' in 'order clause'\n    at PromisePool.query (C:\\Users\\manee\\OneDrive\\Desktop\\rx\\backend\\node_modules\\mysql2\\lib\\promise\\pool.js:36:22)\n    at C:\\Users\\manee\\OneDrive\\Desktop\\rx\\backend\\server.js:300:36\n    at Layer.handle [as handle_request] (C:\\Users\\manee\\OneDrive\\Desktop\\rx\\backend\\node_modules\\express\\lib\\router\\layer.js:95:5)\n    at next (C:\\Users\\manee\\OneDrive\\Desktop\\rx\\backend\\node_modules\\express\\lib\\router\\route.js:149:13)\n    at authenticateToken (C:\\Users\\manee\\OneDrive\\Desktop\\rx\\backend\\server.js:236:5)\n    at process.processTicksAndRejections (node:internal/process/task_queues:95:5)","timestamp":"2025-12-20T08:56:55.403Z"}
{"code":"ER_BAD_FIELD_ERROR","errno":1054,"level":"error","message":"Get user role error: Unknown column 'created_at' in 'order clause'","sql":"SELECT * FROM roommates WHERE userId = 3 ORDER BY created_at ASC","sqlMessage":"Unknown column 'created_at' in 'order clause'","sqlState":"42S22","stack":"Error: Unknown column 'created_at' in 'order clause'\n    at PromisePool.query (C:\\Users\\manee\\OneDrive\\Desktop\\rx\\backend\\node_modules\\mysql2\\lib\\promise\\pool.js:36:22)\n    at C:\\Users\\manee\\OneDrive\\Desktop\\rx\\backend\\server.js:300:36\n    at Layer.handle [as handle_request] (C:\\Users\\manee\\OneDrive\\Desktop\\rx\\backend\\node_modules\\express\\lib\\router\\layer.js:95:5)\n    at next (C:\\Users\\manee\\OneDrive\\Desktop\\rx\\backend\\node_modules\\express\\lib\\router\\route.js:149:13)\n    at authenticateToken (C:\\Users\\manee\\OneDrive\\Desktop\\rx\\backend\\server.js:236:5)\n    at process.processTicksAndRejections (node:internal/process/task_queues:95:5)","timestamp":"2025-12-20T08:56:55.414Z"}
{"code":"ER_BAD_FIELD_ERROR","errno":1054,"level":"error","message":"Get user role error: Unknown column 'created_at' in 'order clause'","sql":"SELECT * FROM roommates WHERE userId = 3 ORDER BY created_at ASC","sqlMessage":"Unknown column 'created_at' in 'order clause'","sqlState":"42S22","stack":"Error: Unknown column 'created_at' in 'order clause'\n    at PromisePool.query (C:\\Users\\manee\\OneDrive\\Desktop\\rx\\backend\\node_modules\\mysql2\\lib\\promise\\pool.js:36:22)\n    at C:\\Users\\manee\\OneDrive\\Desktop\\rx\\backend\\server.js:300:36\n    at Layer.handle [as handle_request] (C:\\Users\\manee\\OneDrive\\Desktop\\rx\\backend\\node_modules\\express\\lib\\router\\layer.js:95:5)\n    at next (C:\\Users\\manee\\OneDrive\\Desktop\\rx\\backend\\node_modules\\express\\lib\\router\\route.js:149:13)\n    at authenticateToken (C:\\Users\\manee\\OneDrive\\Desktop\\rx\\backend\\server.js:236:5)\n    at process.processTicksAndRejections (node:internal/process/task_queues:95:5)","timestamp":"2025-12-20T08:58:12.066Z"}
{"code":"ER_BAD_FIELD_ERROR","errno":1054,"level":"error","message":"Get user role error: Unknown column 'created_at' in 'order clause'","sql":"SELECT * FROM roommates WHERE userId = 3 ORDER BY created_at ASC","sqlMessage":"Unknown column 'created_at' in 'order clause'","sqlState":"42S22","stack":"Error: Unknown column 'created_at' in 'order clause'\n    at PromisePool.query (C:\\Users\\manee\\OneDrive\\Desktop\\rx\\backend\\node_modules\\mysql2\\lib\\promise\\pool.js:36:22)\n    at C:\\Users\\manee\\OneDrive\\Desktop\\rx\\backend\\server.js:300:36\n    at Layer.handle [as handle_request] (C:\\Users\\manee\\OneDrive\\Desktop\\rx\\backend\\node_modules\\express\\lib\\router\\layer.js:95:5)\n    at next (C:\\Users\\manee\\OneDrive\\Desktop\\rx\\backend\\node_modules\\express\\lib\\router\\route.js:149:13)\n    at authenticateToken (C:\\Users\\manee\\OneDrive\\Desktop\\rx\\backend\\server.js:236:5)\n    at process.processTicksAndRejections (node:internal/process/task_queues:95:5)","timestamp":"2025-12-20T08:58:36.003Z"}
{"code":"ER_BAD_FIELD_ERROR","errno":1054,"level":"error","message":"Get user role error: Unknown column 'created_at' in 'order clause'","sql":"SELECT * FROM roommates WHERE userId = 3 ORDER BY created_at ASC","sqlMessage":"Unknown column 'created_at' in 'order clause'","sqlState":"42S22","stack":"Error: Unknown column 'created_at' in 'order clause'\n    at PromisePool.query (C:\\Users\\manee\\OneDrive\\Desktop\\rx\\backend\\node_modules\\mysql2\\lib\\promise\\pool.js:36:22)\n    at C:\\Users\\manee\\OneDrive\\Desktop\\rx\\backend\\server.js:300:36\n    at Layer.handle [as handle_request] (C:\\Users\\manee\\OneDrive\\Desktop\\rx\\backend\\node_modules\\express\\lib\\router\\layer.js:95:5)\n    at next (C:\\Users\\manee\\OneDrive\\Desktop\\rx\\backend\\node_modules\\express\\lib\\router\\route.js:149:13)\n    at authenticateToken (C:\\Users\\manee\\OneDrive\\Desktop\\rx\\backend\\server.js:236:5)\n    at process.processTicksAndRejections (node:internal/process/task_queues:95:5)","timestamp":"2025-12-20T08:58:40.808Z"}
{"code":"ER_BAD_FIELD_ERROR","errno":1054,"level":"error","message":"Get user role error: Unknown column 'created_at' in 'order clause'","sql":"SELECT * FROM roommates WHERE userId = 3 ORDER BY created_at ASC","sqlMessage":"Unknown column 'created_at' in 'order clause'","sqlState":"42S22","stack":"Error: Unknown column 'created_at' in 'order clause'\n    at PromisePool.query (C:\\Users\\manee\\OneDrive\\Desktop\\rx\\backend\\node_modules\\mysql2\\lib\\promise\\pool.js:36:22)\n    at C:\\Users\\manee\\OneDrive\\Desktop\\rx\\backend\\server.js:300:36\n    at Layer.handle [as handle_request] (C:\\Users\\manee\\OneDrive\\Desktop\\rx\\backend\\node_modules\\express\\lib\\router\\layer.js:95:5)\n    at next (C:\\Users\\manee\\OneDrive\\Desktop\\rx\\backend\\node_modules\\express\\lib\\router\\route.js:149:13)\n    at authenticateToken (C:\\Users\\manee\\OneDrive\\Desktop\\rx\\backend\\server.js:236:5)\n    at process.processTicksAndRejections (node:internal/process/task_queues:95:5)","timestamp":"2025-12-20T08:58:40.829Z"}
{"code":"ER_BAD_FIELD_ERROR","errno":1054,"level":"error","message":"Get user role error: Unknown column 'created_at' in 'order clause'","sql":"SELECT * FROM roommates WHERE userId = 3 ORDER BY created_at ASC","sqlMessage":"Unknown column 'created_at' in 'order clause'","sqlState":"42S22","stack":"Error: Unknown column 'created_at' in 'order clause'\n    at PromisePool.query (C:\\Users\\manee\\OneDrive\\Desktop\\rx\\backend\\node_modules\\mysql2\\lib\\promise\\pool.js:36:22)\n    at C:\\Users\\manee\\OneDrive\\Desktop\\rx\\backend\\server.js:300:36\n    at Layer.handle [as handle_request] (C:\\Users\\manee\\OneDrive\\Desktop\\rx\\backend\\node_modules\\express\\lib\\router\\layer.js:95:5)\n    at next (C:\\Users\\manee\\OneDrive\\Desktop\\rx\\backend\\node_modules\\express\\lib\\router\\route.js:149:13)\n    at authenticateToken (C:\\Users\\manee\\OneDrive\\Desktop\\rx\\backend\\server.js:236:5)\n    at process.processTicksAndRejections (node:internal/process/task_queues:95:5)","timestamp":"2025-12-20T08:59:10.314Z"}
{"code":"ER_BAD_FIELD_ERROR","errno":1054,"level":"error","message":"Get user role error: Unknown column 'created_at' in 'order clause'","sql":"SELECT * FROM roommates WHERE userId = 3 ORDER BY created_at ASC","sqlMessage":"Unknown column 'created_at' in 'order clause'","sqlState":"42S22","stack":"Error: Unknown column 'created_at' in 'order clause'\n    at PromisePool.query (C:\\Users\\manee\\OneDrive\\Desktop\\rx\\backend\\node_modules\\mysql2\\lib\\promise\\pool.js:36:22)\n    at C:\\Users\\manee\\OneDrive\\Desktop\\rx\\backend\\server.js:300:36\n    at Layer.handle [as handle_request] (C:\\Users\\manee\\OneDrive\\Desktop\\rx\\backend\\node_modules\\express\\lib\\router\\layer.js:95:5)\n    at next (C:\\Users\\manee\\OneDrive\\Desktop\\rx\\backend\\node_modules\\express\\lib\\router\\route.js:149:13)\n    at authenticateToken (C:\\Users\\manee\\OneDrive\\Desktop\\rx\\backend\\server.js:236:5)\n    at process.processTicksAndRejections (node:internal/process/task_queues:95:5)","timestamp":"2025-12-20T08:59:20.959Z"}
{"code":"ER_BAD_FIELD_ERROR","errno":1054,"level":"error","message":"Get user role error: Unknown column 'created_at' in 'order clause'","sql":"SELECT * FROM roommates WHERE userId = 3 ORDER BY created_at ASC","sqlMessage":"Unknown column 'created_at' in 'order clause'","sqlState":"42S22","stack":"Error: Unknown column 'created_at' in 'order clause'\n    at PromisePool.query (C:\\Users\\manee\\OneDrive\\Desktop\\rx\\backend\\node_modules\\mysql2\\lib\\promise\\pool.js:36:22)\n    at C:\\Users\\manee\\OneDrive\\Desktop\\rx\\backend\\server.js:300:36\n    at Layer.handle [as handle_request] (C:\\Users\\manee\\OneDrive\\Desktop\\rx\\backend\\node_modules\\express\\lib\\router\\layer.js:95:5)\n    at next (C:\\Users\\manee\\OneDrive\\Desktop\\rx\\backend\\node_modules\\express\\lib\\router\\route.js:149:13)\n    at authenticateToken (C:\\Users\\manee\\OneDrive\\Desktop\\rx\\backend\\server.js:236:5)\n    at process.processTicksAndRejections (node:internal/process/task_queues:95:5)","timestamp":"2025-12-20T08:59:20.967Z"}
{"level":"info","message":"Server running on port 5000","timestamp":"2025-12-20T09:36:18.552Z"}
{"level":"info","message":"API Base URL: http://localhost:5000/api","timestamp":"2025-12-20T09:36:18.557Z"}
{"level":"info","message":"Database connected successfully","timestamp":"2025-12-20T09:36:18.680Z"}
{"level":"info","message":"Database tables created/updated successfully","timestamp":"2025-12-20T09:36:18.909Z"}
{"level":"info","message":"Server running on port 5000","timestamp":"2025-12-20T10:52:42.687Z"}
{"level":"info","message":"API Base URL: http://localhost:5000/api","timestamp":"2025-12-20T10:52:42.695Z"}
{"level":"info","message":"Database connected successfully","timestamp":"2025-12-20T10:52:42.854Z"}
{"level":"info","message":"Database tables created successfully","timestamp":"2025-12-20T10:52:43.016Z"}
{"level":"info","message":"Server running on port 5000","timestamp":"2025-12-20T11:04:10.973Z"}
{"level":"info","message":"API Base URL: http://localhost:5000/api","timestamp":"2025-12-20T11:04:10.982Z"}
{"level":"info","message":"Database connected successfully","timestamp":"2025-12-20T11:04:11.116Z"}
{"level":"info","message":"Database tables created/updated successfully","timestamp":"2025-12-20T11:04:11.303Z"}
{"level":"info","message":"Server running on port 5000","timestamp":"2025-12-20T14:03:07.516Z"}
{"level":"info","message":"API Base URL: http://localhost:5000/api","timestamp":"2025-12-20T14:03:07.522Z"}
{"level":"info","message":"Database connected successfully","timestamp":"2025-12-20T14:03:08.149Z"}
{"level":"info","message":"Database tables created/updated successfully","timestamp":"2025-12-20T14:03:08.877Z"}
